<html>
<body>
<pre>
<h1>µVision Build Log</h1>
<h2>Tool Versions:</h2>
IDE-Version: ¦ÌVision V5.14.0.0
Copyright (C) 2015 ARM Ltd and ARM Germany GmbH. All rights reserved.
License Information: x gh, M, LIC=V8512-9C4M1-EYXVT-RENWQ-RY7ST-HMV39
 
Tool Versions:
Toolchain:       MDK-ARM Professional  Version: 5.14.0.0
Toolchain Path:  C:\Keil_v5\ARM\ARMCC\Bin
C Compiler:      Armcc.exe V5.05 update 1 (build 106)
Assembler:       Armasm.exe V5.05 update 1 (build 106)
Linker/Locator:  ArmLink.exe V5.05 update 1 (build 106)
Library Manager: ArmAr.exe V5.05 update 1 (build 106)
Hex Converter:   FromElf.exe V5.05 update 1 (build 106)
CPU DLL:         SARMCM3.DLL V5.14.0.0
Dialog DLL:      DCM.DLL V1.13.1.0
Target DLL:      Segger\JL2CM3.dll V2.99.13.0
Dialog DLL:      TCM.DLL V1.14.4.0
 
<h2>Project:</h2>
C:\Users\admin\Desktop\smallcar\STM32F103demo.uvprojx
Project File Date:  06/15/2018

<h2>Output:</h2>
Build target 'demo'
compiling main.c...
.\Project\TIM.h(24): warning:  #1295-D: Deprecated declaration motorInit - give arg types
  void motorInit();
User\main.c(103): warning:  #550-D: variable "LS" was set but never used
        int LS;
User\main.c(104): warning:  #550-D: variable "RS" was set but never used
        int RS;
User\main.c(135): warning:  #1-D: last line of file ends without a newline
  }
User\main.c: 4 warnings, 0 errors
linking...
Program Size: Code=15084 RO-data=852 RW-data=120 ZI-data=6312  
FromELF: creating hex file...
After Build - User command #1: C:\Keil_v5\ARM\ARMCC\bin\fromelf.exe --bin --output=SPI.bin  ./Output/STM32F103demo.axf
".\Output\STM32F103demo.axf" - 0 Error(s), 4 Warning(s).

<h2>Collection of Component include folders:</h2>
  C:\Users\admin\Desktop\smallcar\RTE
  C:\Keil_v5\ARM\PACK\Keil\STM32F1xx_DFP\1.0.5\Device\Include

<h2>Collection of Component Files used:</h2>
</pre>
</body>
</html>
