Component: ARM Compiler 5.05 update 1 (build 106) Tool: armlink [4d0efa]

==============================================================================

Section Cross References

    main.o(i.PID) refers to fflt_clz.o(x$fpl$fflt) for __aeabi_i2f
    main.o(i.PID) refers to fmul.o(x$fpl$fmul) for __aeabi_fmul
    main.o(i.PID) refers to faddsub_clz.o(x$fpl$fadd) for __aeabi_fadd
    main.o(i.PID) refers to ffix.o(x$fpl$ffix) for __aeabi_f2iz
    main.o(i.TIM2_IRQHandler) refers to stm32f10x_tim.o(i.TIM_GetITStatus) for TIM_GetITStatus
    main.o(i.TIM2_IRQHandler) refers to stm32f10x_tim.o(i.TIM_ClearITPendingBit) for TIM_ClearITPendingBit
    main.o(i.TIM2_IRQHandler) refers to main.o(i.PID) for PID
    main.o(i.TIM2_IRQHandler) refers to main.o(.data) for Lspeed
    main.o(i.main) refers to rcc.o(i.rcc_init) for rcc_init
    main.o(i.main) refers to tim.o(i.motorInit) for motorInit
    main.o(i.main) refers to tim.o(i.setSpeed) for setSpeed
    main.o(i.pidParamInit) refers to fdiv.o(x$fpl$fdiv) for __aeabi_fdiv
    main.o(i.pidParamInit) refers to ffix.o(x$fpl$ffix) for __aeabi_f2iz
    usart.o(i.Usart_init) refers to stm32f10x_gpio.o(i.GPIO_Init) for GPIO_Init
    usart.o(i.Usart_init) refers to stm32f10x_usart.o(i.USART_ClockInit) for USART_ClockInit
    usart.o(i.Usart_init) refers to stm32f10x_usart.o(i.USART_Init) for USART_Init
    usart.o(i.Usart_init) refers to stm32f10x_usart.o(i.USART_Cmd) for USART_Cmd
    usart.o(i.Usart_init) refers to stm32f10x_usart.o(i.USART_ClearFlag) for USART_ClearFlag
    usart.o(i.Usart_init) refers to stm32f10x_usart.o(i.USART_ITConfig) for USART_ITConfig
    usart.o(i.Usart_init) refers to misc.o(i.NVIC_PriorityGroupConfig) for NVIC_PriorityGroupConfig
    usart.o(i.Usart_init) refers to misc.o(i.NVIC_Init) for NVIC_Init
    usart.o(i.Usart_init) refers to usart.o(.data) for GPIO_InitStructure
    usart.o(i.Usart_init) refers to usart.o(.bss) for USART_InitStructure
    usart.o(i.uprintf) refers to c89vsnprintf.o(.text) for __c89vsnprintf
    usart.o(i.uprintf) refers to stm32f10x_usart.o(i.USART_ClearFlag) for USART_ClearFlag
    usart.o(i.uprintf) refers to stm32f10x_usart.o(i.USART_SendData) for USART_SendData
    usart.o(i.uprintf) refers to stm32f10x_usart.o(i.USART_GetFlagStatus) for USART_GetFlagStatus
    can.o(i.USB_LP_CAN1_RX0_IRQHandler) refers to stm32f10x_can.o(i.CAN_GetITStatus) for CAN_GetITStatus
    can.o(i.USB_LP_CAN1_RX0_IRQHandler) refers to stm32f10x_can.o(i.CAN_Receive) for CAN_Receive
    can.o(i.USB_LP_CAN1_RX0_IRQHandler) refers to stm32f10x_can.o(i.CAN_ClearITPendingBit) for CAN_ClearITPendingBit
    can.o(i.USB_LP_CAN1_RX0_IRQHandler) refers to can.o(.bss) for g_can_rx_msg
    can.o(i.can_add_callback) refers to can.o(.bss) for can_cb_array
    can.o(i.can_gpio_config) refers to stm32f10x_gpio.o(i.GPIO_Init) for GPIO_Init
    can.o(i.can_init) refers to can.o(i.can_gpio_config) for can_gpio_config
    can.o(i.can_init) refers to stm32f10x_can.o(i.CAN_DeInit) for CAN_DeInit
    can.o(i.can_init) refers to stm32f10x_can.o(i.CAN_StructInit) for CAN_StructInit
    can.o(i.can_init) refers to stm32f10x_can.o(i.CAN_Init) for CAN_Init
    can.o(i.can_init) refers to stm32f10x_can.o(i.CAN_FilterInit) for CAN_FilterInit
    can.o(i.can_init) refers to stm32f10x_can.o(i.CAN_ITConfig) for CAN_ITConfig
    can.o(i.can_init) refers to can.o(i.can_nvic_config) for can_nvic_config
    can.o(i.can_init) refers to can.o(.bss) for can_cb_array
    can.o(i.can_nvic_config) refers to misc.o(i.NVIC_Init) for NVIC_Init
    can.o(i.can_send_msg) refers to stm32f10x_can.o(i.CAN_Transmit) for CAN_Transmit
    can.o(i.can_send_msg) refers to stm32f10x_can.o(i.CAN_TransmitStatus) for CAN_TransmitStatus
    rcc.o(i.rcc_init) refers to stm32f10x_rcc.o(i.RCC_DeInit) for RCC_DeInit
    rcc.o(i.rcc_init) refers to rcc.o(i.system_clk_set) for system_clk_set
    rcc.o(i.rcc_init) refers to stm32f10x_rcc.o(i.RCC_APB2PeriphClockCmd) for RCC_APB2PeriphClockCmd
    rcc.o(i.rcc_init) refers to stm32f10x_rcc.o(i.RCC_APB1PeriphClockCmd) for RCC_APB1PeriphClockCmd
    rcc.o(i.system_clk_set) refers to stm32f10x_rcc.o(i.RCC_DeInit) for RCC_DeInit
    rcc.o(i.system_clk_set) refers to stm32f10x_rcc.o(i.RCC_HSEConfig) for RCC_HSEConfig
    rcc.o(i.system_clk_set) refers to stm32f10x_rcc.o(i.RCC_WaitForHSEStartUp) for RCC_WaitForHSEStartUp
    rcc.o(i.system_clk_set) refers to stm32f10x_flash.o(i.FLASH_SetLatency) for FLASH_SetLatency
    rcc.o(i.system_clk_set) refers to stm32f10x_flash.o(i.FLASH_PrefetchBufferCmd) for FLASH_PrefetchBufferCmd
    rcc.o(i.system_clk_set) refers to stm32f10x_rcc.o(i.RCC_PLLCmd) for RCC_PLLCmd
    rcc.o(i.system_clk_set) refers to stm32f10x_rcc.o(i.RCC_HCLKConfig) for RCC_HCLKConfig
    rcc.o(i.system_clk_set) refers to stm32f10x_rcc.o(i.RCC_PCLK2Config) for RCC_PCLK2Config
    rcc.o(i.system_clk_set) refers to stm32f10x_rcc.o(i.RCC_PCLK1Config) for RCC_PCLK1Config
[...]
    .ARM.Collect$$libinit$$0000001D          0x08000252   Section        0  libinit2.o(.ARM.Collect$$libinit$$0000001D)
    .ARM.Collect$$libinit$$0000001F          0x08000252   Section        0  libinit2.o(.ARM.Collect$$libinit$$0000001F)
    .ARM.Collect$$libinit$$00000021          0x08000252   Section        0  libinit2.o(.ARM.Collect$$libinit$$00000021)
    .ARM.Collect$$libinit$$00000023          0x08000252   Section        0  libinit2.o(.ARM.Collect$$libinit$$00000023)
    .ARM.Collect$$libinit$$00000025          0x08000252   Section        0  libinit2.o(.ARM.Collect$$libinit$$00000025)
    .ARM.Collect$$libinit$$0000002C          0x08000252   Section        0  libinit2.o(.ARM.Collect$$libinit$$0000002C)
    .ARM.Collect$$libinit$$0000002E          0x08000252   Section        0  libinit2.o(.ARM.Collect$$libinit$$0000002E)
    .ARM.Collect$$libinit$$00000030          0x08000252   Section        0  libinit2.o(.ARM.Collect$$libinit$$00000030)
    .ARM.Collect$$libinit$$00000032          0x08000252   Section        0  libinit2.o(.ARM.Collect$$libinit$$00000032)
    .ARM.Collect$$libinit$$00000033          0x08000252   Section        2  libinit2.o(.ARM.Collect$$libinit$$00000033)
    .ARM.Collect$$libshutdown$$00000000      0x08000254   Section        2  libshutdown.o(.ARM.Collect$$libshutdown$$00000000)
    .ARM.Collect$$libshutdown$$00000003      0x08000256   Section        0  libshutdown2.o(.ARM.Collect$$libshutdown$$00000003)
    .ARM.Collect$$libshutdown$$00000006      0x08000256   Section        0  libshutdown2.o(.ARM.Collect$$libshutdown$$00000006)
    .ARM.Collect$$libshutdown$$00000009      0x08000256   Section        0  libshutdown2.o(.ARM.Collect$$libshutdown$$00000009)
    .ARM.Collect$$libshutdown$$0000000B      0x08000256   Section        0  libshutdown2.o(.ARM.Collect$$libshutdown$$0000000B)
    .ARM.Collect$$libshutdown$$0000000E      0x08000256   Section        0  libshutdown2.o(.ARM.Collect$$libshutdown$$0000000E)
    .ARM.Collect$$libshutdown$$0000000F      0x08000256   Section        2  libshutdown2.o(.ARM.Collect$$libshutdown$$0000000F)
    .ARM.Collect$$rtentry$$00000000          0x08000258   Section        0  __rtentry.o(.ARM.Collect$$rtentry$$00000000)
    .ARM.Collect$$rtentry$$00000002          0x08000258   Section        0  __rtentry2.o(.ARM.Collect$$rtentry$$00000002)
    .ARM.Collect$$rtentry$$00000004          0x08000258   Section        6  __rtentry4.o(.ARM.Collect$$rtentry$$00000004)
    .ARM.Collect$$rtentry$$00000009          0x0800025e   Section        0  __rtentry2.o(.ARM.Collect$$rtentry$$00000009)
    .ARM.Collect$$rtentry$$0000000A          0x0800025e   Section        4  __rtentry2.o(.ARM.Collect$$rtentry$$0000000A)
    .ARM.Collect$$rtentry$$0000000C          0x08000262   Section        0  __rtentry2.o(.ARM.Collect$$rtentry$$0000000C)
    .ARM.Collect$$rtentry$$0000000D          0x08000262   Section        8  __rtentry2.o(.ARM.Collect$$rtentry$$0000000D)
    .ARM.Collect$$rtexit$$00000000           0x0800026a   Section        2  rtexit.o(.ARM.Collect$$rtexit$$00000000)
    .ARM.Collect$$rtexit$$00000002           0x0800026c   Section        0  rtexit2.o(.ARM.Collect$$rtexit$$00000002)
    .ARM.Collect$$rtexit$$00000003           0x0800026c   Section        4  rtexit2.o(.ARM.Collect$$rtexit$$00000003)
    .ARM.Collect$$rtexit$$00000004           0x08000270   Section        6  rtexit2.o(.ARM.Collect$$rtexit$$00000004)
    .text                                    0x08000278   Section       64  startup_stm32f10x_hd.o(.text)
    .text                                    0x080002b8   Section        0  c89vsnprintf.o(.text)
    .text                                    0x080002ec   Section       78  rt_memclr_w.o(.text)
    .text                                    0x0800033c   Section      128  strcmpv7m.o(.text)
    .text                                    0x080003bc   Section        0  heapauxi.o(.text)
    .text                                    0x080003c2   Section        0  _printf_pad.o(.text)
    .text                                    0x08000410   Section        0  _printf_truncate.o(.text)
    .text                                    0x08000434   Section        0  _printf_str.o(.text)
    .text                                    0x08000488   Section        0  _printf_dec.o(.text)
    .text                                    0x08000500   Section        0  _printf_charcount.o(.text)
    .text                                    0x08000528   Section        0  _printf_char_common.o(.text)
    _printf_input_char                       0x08000529   Thumb Code    10  _printf_char_common.o(.text)
    .text                                    0x08000558   Section        0  _sputc.o(.text)
    .text                                    0x08000562   Section        0  _snputc.o(.text)
    .text                                    0x08000574   Section        0  _printf_wctomb.o(.text)
    .text                                    0x08000630   Section        0  _printf_longlong_dec.o(.text)
    .text                                    0x080006ac   Section        0  _printf_oct_int_ll.o(.text)
    _printf_longlong_oct_internal            0x080006ad   Thumb Code     0  _printf_oct_int_ll.o(.text)
    .text                                    0x0800071c   Section        0  _printf_hex_int_ll_ptr.o(.text)
    _printf_hex_common                       0x0800071d   Thumb Code     0  _printf_hex_int_ll_ptr.o(.text)
    .text                                    0x080007b0   Section        0  __printf_flags_ss_wp.o(.text)
    .text                                    0x08000938   Section        8  libspace.o(.text)
    .text                                    0x08000940   Section      138  lludiv10.o(.text)
    .text                                    0x080009ca   Section        0  _printf_intcommon.o(.text)
    .text                                    0x08000a7c   Section        0  _printf_fp_dec.o(.text)
    _fp_digits                               0x08000a7f   Thumb Code   428  _printf_fp_dec.o(.text)
    .text                                    0x08000e96   Section        0  _printf_char.o(.text)
    .text                                    0x08000ec2   Section        0  _printf_wchar.o(.text)
    .text                                    0x08000eee   Section        0  _wcrtomb.o(.text)
    .text                                    0x08000f2e   Section        2  use_no_semi.o(.text)
    .text                                    0x08000f30   Section       74  sys_stackheap_outer.o(.text)
    .text                                    0x08000f30   Section        0  indicate_semi.o(.text)
    .text                                    0x08000f7c   Section       16  rt_ctype_table.o(.text)
    .text                                    0x08000f8c   Section        8  rt_locale_intlibspace.o(.text)
    .text                                    0x08000f94   Section        0  _printf_fp_infnan.o(.text)
    .text                                    0x08001014   Section        0  bigflt0.o(.text)
    .text                                    0x080010f0   Section        0  exit.o(.text)
    .text                                    0x080010fc   Section        0  sys_exit.o(.text)
    CL$$btod_d2e                             0x08001108   Section       62  btod.o(CL$$btod_d2e)
    CL$$btod_d2e_denorm_low                  0x08001146   Section       70  btod.o(CL$$btod_d2e_denorm_low)
    CL$$btod_d2e_norm_op1                    0x0800118c   Section       96  btod.o(CL$$btod_d2e_norm_op1)
    CL$$btod_div_common                      0x080011ec   Section      824  btod.o(CL$$btod_div_common)
    CL$$btod_e2e                             0x08001524   Section      198  btod.o(CL$$btod_e2e)
    CL$$btod_ediv                            0x080015ea   Section       40  btod.o(CL$$btod_ediv)
    CL$$btod_emul                            0x08001612   Section       40  btod.o(CL$$btod_emul)
    CL$$btod_mult_common                     0x0800163a   Section      580  btod.o(CL$$btod_mult_common)
    i.BusFault_Handler                       0x0800187e   Section        0  stm32f10x_it.o(i.BusFault_Handler)
    i.CAN_ClearITPendingBit                  0x08001884   Section        0  stm32f10x_can.o(i.CAN_ClearITPendingBit)
    i.CAN_GetITStatus                        0x0800192c   Section        0  stm32f10x_can.o(i.CAN_GetITStatus)
    i.CAN_Receive                            0x08001a4c   Section        0  stm32f10x_can.o(i.CAN_Receive)
    i.CheckITStatus                          0x08001b3c   Section        0  stm32f10x_can.o(i.CheckITStatus)
    CheckITStatus                            0x08001b3d   Thumb Code    18  stm32f10x_can.o(i.CheckITStatus)
    i.DebugMon_Handler                       0x08001b4e   Section        0  stm32f10x_it.o(i.DebugMon_Handler)
    i.FLASH_PrefetchBufferCmd                0x08001b50   Section        0  stm32f10x_flash.o(i.FLASH_PrefetchBufferCmd)
    i.FLASH_SetLatency                       0x08001b6c   Section        0  stm32f10x_flash.o(i.FLASH_SetLatency)
    i.GPIO_Init                              0x08001b84   Section        0  stm32f10x_gpio.o(i.GPIO_Init)
    i.HardFault_Handler                      0x08001c9a   Section        0  stm32f10x_it.o(i.HardFault_Handler)
    i.MemManage_Handler                      0x08001c9e   Section        0  stm32f10x_it.o(i.MemManage_Handler)
    i.NMI_Handler                            0x08001ca2   Section        0  stm32f10x_it.o(i.NMI_Handler)
    i.PID                                    0x08001ca4   Section        0  main.o(i.PID)
    i.PWM_init                               0x08001d20   Section        0  tim.o(i.PWM_init)
    i.PWM_set                                0x08001e68   Section        0  tim.o(i.PWM_set)
    i.PendSV_Handler                         0x08001efc   Section        0  stm32f10x_it.o(i.PendSV_Handler)
    i.RCC_APB1PeriphClockCmd                 0x08001f00   Section        0  stm32f10x_rcc.o(i.RCC_APB1PeriphClockCmd)
    i.RCC_APB1PeriphResetCmd                 0x08001f20   Section        0  stm32f10x_rcc.o(i.RCC_APB1PeriphResetCmd)
    i.RCC_APB2PeriphClockCmd                 0x08001f40   Section        0  stm32f10x_rcc.o(i.RCC_APB2PeriphClockCmd)
    i.RCC_APB2PeriphResetCmd                 0x08001f60   Section        0  stm32f10x_rcc.o(i.RCC_APB2PeriphResetCmd)
    i.RCC_DeInit                             0x08001f80   Section        0  stm32f10x_rcc.o(i.RCC_DeInit)
    i.RCC_GetFlagStatus                      0x08001fcc   Section        0  stm32f10x_rcc.o(i.RCC_GetFlagStatus)
    i.RCC_GetSYSCLKSource                    0x08002008   Section        0  stm32f10x_rcc.o(i.RCC_GetSYSCLKSource)
    i.RCC_HCLKConfig                         0x08002018   Section        0  stm32f10x_rcc.o(i.RCC_HCLKConfig)
    i.RCC_HSEConfig                          0x08002030   Section        0  stm32f10x_rcc.o(i.RCC_HSEConfig)
    i.RCC_PCLK1Config                        0x0800207c   Section        0  stm32f10x_rcc.o(i.RCC_PCLK1Config)
    i.RCC_PCLK2Config                        0x08002094   Section        0  stm32f10x_rcc.o(i.RCC_PCLK2Config)
    i.RCC_PLLCmd                             0x080020ac   Section        0  stm32f10x_rcc.o(i.RCC_PLLCmd)
    i.RCC_PLLConfig                          0x080020b8   Section        0  stm32f10x_rcc.o(i.RCC_PLLConfig)
    i.RCC_SYSCLKConfig                       0x080020d4   Section        0  stm32f10x_rcc.o(i.RCC_SYSCLKConfig)
    i.RCC_WaitForHSEStartUp                  0x080020ec   Section        0  stm32f10x_rcc.o(i.RCC_WaitForHSEStartUp)
    i.SVC_Handler                            0x08002124   Section        0  stm32f10x_it.o(i.SVC_Handler)
    i.SetSysClock                            0x08002126   Section        0  system_stm32f10x.o(i.SetSysClock)
    SetSysClock                              0x08002127   Thumb Code     8  system_stm32f10x.o(i.SetSysClock)
    i.SetSysClockTo72                        0x08002130   Section        0  system_stm32f10x.o(i.SetSysClockTo72)
    SetSysClockTo72                          0x08002131   Thumb Code   214  system_stm32f10x.o(i.SetSysClockTo72)
    i.SysTick_Handler                        0x08002210   Section        0  stm32f10x_it.o(i.SysTick_Handler)
    i.SystemInit                             0x08002214   Section        0  system_stm32f10x.o(i.SystemInit)
    i.TI1_Config                             0x08002274   Section        0  stm32f10x_tim.o(i.TI1_Config)
    TI1_Config                               0x08002275   Thumb Code   108  stm32f10x_tim.o(i.TI1_Config)
    i.TI2_Config                             0x080022f4   Section        0  stm32f10x_tim.o(i.TI2_Config)
    TI2_Config                               0x080022f5   Thumb Code   130  stm32f10x_tim.o(i.TI2_Config)
    i.TI3_Config                             0x0800238c   Section        0  stm32f10x_tim.o(i.TI3_Config)
    TI3_Config                               0x0800238d   Thumb Code   122  stm32f10x_tim.o(i.TI3_Config)
    i.TI4_Config                             0x0800241c   Section        0  stm32f10x_tim.o(i.TI4_Config)
    TI4_Config                               0x0800241d   Thumb Code   130  stm32f10x_tim.o(i.TI4_Config)
    i.TIM2_IRQHandler                        0x080024b4   Section        0  main.o(i.TIM2_IRQHandler)
    i.TIM_ClearFlag                          0x08002530   Section        0  stm32f10x_tim.o(i.TIM_ClearFlag)
    i.TIM_ClearITPendingBit                  0x08002536   Section        0  stm32f10x_tim.o(i.TIM_ClearITPendingBit)
    i.TIM_Cmd                                0x0800253c   Section        0  stm32f10x_tim.o(i.TIM_Cmd)
    i.TIM_CtrlPWMOutputs                     0x08002554   Section        0  stm32f10x_tim.o(i.TIM_CtrlPWMOutputs)
    i.TIM_DeInit                             0x08002574   Section        0  stm32f10x_tim.o(i.TIM_DeInit)
    i.TIM_EncoderInterfaceConfig             0x0800275c   Section        0  stm32f10x_tim.o(i.TIM_EncoderInterfaceConfig)
    i.TIM_GetITStatus                        0x0800279e   Section        0  stm32f10x_tim.o(i.TIM_GetITStatus)
    i.TIM_ICInit                             0x080027c0   Section        0  stm32f10x_tim.o(i.TIM_ICInit)
    i.TIM_ICStructInit                       0x0800286c   Section        0  stm32f10x_tim.o(i.TIM_ICStructInit)
    i.TIM_ITConfig                           0x0800287e   Section        0  stm32f10x_tim.o(i.TIM_ITConfig)
    i.TIM_OC1Init                            0x08002890   Section        0  stm32f10x_tim.o(i.TIM_OC1Init)
    i.TIM_OC2Init                            0x08002928   Section        0  stm32f10x_tim.o(i.TIM_OC2Init)
    i.TIM_OC3Init                            0x080029cc   Section        0  stm32f10x_tim.o(i.TIM_OC3Init)
    i.TIM_OC4Init                            0x08002a6c   Section        0  stm32f10x_tim.o(i.TIM_OC4Init)
    i.TIM_SetCompare1                        0x08002ae8   Section        0  stm32f10x_tim.o(i.TIM_SetCompare1)
    i.TIM_SetCompare2                        0x08002aec   Section        0  stm32f10x_tim.o(i.TIM_SetCompare2)
    i.TIM_SetCompare3                        0x08002af0   Section        0  stm32f10x_tim.o(i.TIM_SetCompare3)
    i.TIM_SetCompare4                        0x08002af4   Section        0  stm32f10x_tim.o(i.TIM_SetCompare4)
    i.TIM_SetIC1Prescaler                    0x08002afa   Section        0  stm32f10x_tim.o(i.TIM_SetIC1Prescaler)
    i.TIM_SetIC2Prescaler                    0x08002b0c   Section        0  stm32f10x_tim.o(i.TIM_SetIC2Prescaler)
    i.TIM_SetIC3Prescaler                    0x08002b26   Section        0  stm32f10x_tim.o(i.TIM_SetIC3Prescaler)
    i.TIM_SetIC4Prescaler                    0x08002b38   Section        0  stm32f10x_tim.o(i.TIM_SetIC4Prescaler)
    i.TIM_TimeBaseInit                       0x08002b54   Section        0  stm32f10x_tim.o(i.TIM_TimeBaseInit)
    i.TIM_TimeBaseStructInit                 0x08002bf8   Section        0  stm32f10x_tim.o(i.TIM_TimeBaseStructInit)
    i.USART1_IRQHandler                      0x08002c0c   Section        0  cmd.o(i.USART1_IRQHandler)
    i.USART_ClearFlag                        0x08002d98   Section        0  stm32f10x_usart.o(i.USART_ClearFlag)
    i.USART_ClearITPendingBit                0x08002daa   Section        0  stm32f10x_usart.o(i.USART_ClearITPendingBit)
    i.USART_GetFlagStatus                    0x08002dc8   Section        0  stm32f10x_usart.o(i.USART_GetFlagStatus)
    i.USART_GetITStatus                      0x08002de2   Section        0  stm32f10x_usart.o(i.USART_GetITStatus)
    i.USART_ReceiveData                      0x08002e36   Section        0  stm32f10x_usart.o(i.USART_ReceiveData)
    i.USART_SendData                         0x08002e40   Section        0  stm32f10x_usart.o(i.USART_SendData)
    i.USB_LP_CAN1_RX0_IRQHandler             0x08002e48   Section        0  can.o(i.USB_LP_CAN1_RX0_IRQHandler)
    i.UsageFault_Handler                     0x08002e94   Section        0  stm32f10x_it.o(i.UsageFault_Handler)
    i.__ARM_fpclassify                       0x08002e98   Section        0  fpclassify.o(i.__ARM_fpclassify)
    i._is_digit                              0x08002ec0   Section        0  __printf_wp.o(i._is_digit)
    i.cmd_exec                               0x08002ed0   Section        0  cmd.o(i.cmd_exec)
    i.cmd_help_func                          0x08002f20   Section        0  cmd.o(i.cmd_help_func)
    i.cmd_parse                              0x08002f8c   Section        0  cmd.o(i.cmd_parse)
    i.encode_init                            0x08003014   Section        0  tim.o(i.encode_init)
    i.main                                   0x08003130   Section        0  main.o(i.main)
    i.motorInit                              0x0800315c   Section        0  tim.o(i.motorInit)
    i.rcc_init                               0x080031d0   Section        0  rcc.o(i.rcc_init)
    i.setSpeed                               0x0800325c   Section        0  tim.o(i.setSpeed)
    i.system_clk_set                         0x0800333c   Section        0  rcc.o(i.system_clk_set)
    i.uprintf                                0x080033a6   Section        0  usart.o(i.uprintf)
    locale$$code                             0x08003430   Section       44  lc_numeric_c.o(locale$$code)
    locale$$code                             0x0800345c   Section       44  lc_ctype_c.o(locale$$code)
    x$fpl$ddiv                               0x08003488   Section      688  ddiv.o(x$fpl$ddiv)
    ddiv_entry                               0x0800348f   Thumb Code     0  ddiv.o(x$fpl$ddiv)
    x$fpl$dfixu                              0x08003738   Section       90  dfixu.o(x$fpl$dfixu)
    x$fpl$dflt                               0x08003792   Section       46  dflt_clz.o(x$fpl$dflt)
    x$fpl$dnaninf                            0x080037c0   Section      156  dnaninf.o(x$fpl$dnaninf)
    x$fpl$dretinf                            0x0800385c   Section       12  dretinf.o(x$fpl$dretinf)
    x$fpl$fadd                               0x08003868   Section      196  faddsub_clz.o(x$fpl$fadd)
    _fadd1                                   0x08003877   Thumb Code     0  faddsub_clz.o(x$fpl$fadd)
    x$fpl$ffix                               0x0800392c   Section       54  ffix.o(x$fpl$ffix)
    x$fpl$fflt                               0x08003964   Section       48  fflt_clz.o(x$fpl$fflt)
    x$fpl$fmul                               0x08003994   Section      258  fmul.o(x$fpl$fmul)
    x$fpl$fnaninf                            0x08003a96   Section      140  fnaninf.o(x$fpl$fnaninf)
    x$fpl$fretinf                            0x08003b22   Section       10  fretinf.o(x$fpl$fretinf)
    x$fpl$fsub                               0x08003b2c   Section      234  faddsub_clz.o(x$fpl$fsub)
    _fsub1                                   0x08003b3b   Thumb Code     0  faddsub_clz.o(x$fpl$fsub)
    x$fpl$printf1                            0x08003c16   Section        4  printf1.o(x$fpl$printf1)
    x$fpl$usenofp                            0x08003c1a   Section        0  usenofp.o(x$fpl$usenofp)
    .constdata                               0x08003c1c   Section        8  _printf_wctomb.o(.constdata)
    initial_mbstate                          0x08003c1c   Data           8  _printf_wctomb.o(.constdata)
    .constdata                               0x08003c24   Section       40  _printf_hex_int_ll_ptr.o(.constdata)
    uc_hextab                                0x08003c24   Data          20  _printf_hex_int_ll_ptr.o(.constdata)
    lc_hextab                                0x08003c38   Data          20  _printf_hex_int_ll_ptr.o(.constdata)
    .constdata                               0x08003c4c   Section       17  __printf_flags_ss_wp.o(.constdata)
    maptable                                 0x08003c4c   Data          17  __printf_flags_ss_wp.o(.constdata)
    .constdata                               0x08003c60   Section      148  bigflt0.o(.constdata)
    tenpwrs_x                                0x08003c60   Data          60  bigflt0.o(.constdata)
    tenpwrs_i                                0x08003c9c   Data          64  bigflt0.o(.constdata)
    locale$$data                             0x08003d14   Section       28  lc_numeric_c.o(locale$$data)
    __lcnum_c_name                           0x08003d18   Data           2  lc_numeric_c.o(locale$$data)
    __lcnum_c_start                          0x08003d20   Data           0  lc_numeric_c.o(locale$$data)
    __lcnum_c_point                          0x08003d2c   Data           0  lc_numeric_c.o(locale$$data)
    __lcnum_c_thousands                      0x08003d2e   Data           0  lc_numeric_c.o(locale$$data)
    __lcnum_c_grouping                       0x08003d2f   Data           0  lc_numeric_c.o(locale$$data)
    locale$$data                             0x08003d30   Section      272  lc_ctype_c.o(locale$$data)
    __lcnum_c_end                            0x08003d30   Data           0  lc_numeric_c.o(locale$$data)
    __lcctype_c_name                         0x08003d34   Data           2  lc_ctype_c.o(locale$$data)
    __lcctype_c_start                        0x08003d3c   Data           0  lc_ctype_c.o(locale$$data)
    __lcctype_c_end                          0x08003e40   Data           0  lc_ctype_c.o(locale$$data)
    .data                                    0x20000000   Section       64  main.o(.data)
    .data                                    0x20000040   Section       56  cmd.o(.data)
    cmd_tbl                                  0x20000040   Data          48  cmd.o(.data)
    cmd_line_index                           0x20000070   Data           4  cmd.o(.data)
    cmd_line_length                          0x20000074   Data           4  cmd.o(.data)
    .bss                                     0x20000078   Section     2068  can.o(.bss)
    g_can_rx_msg                             0x20000078   Data          20  can.o(.bss)
    .bss                                     0x2000088c   Section       48  cmd.o(.bss)
    cmd_line                                 0x2000088c   Data          33  cmd.o(.bss)
    cmd_argv                                 0x200008b0   Data          12  cmd.o(.bss)
    .bss                                     0x200008bc   Section       96  libspace.o(.bss)
    HEAP                                     0x20000920   Section     2048  startup_stm32f10x_hd.o(HEAP)
    Heap_Mem                                 0x20000920   Data        2048  startup_stm32f10x_hd.o(HEAP)
    STACK                                    0x20001120   Section     2048  startup_stm32f10x_hd.o(STACK)
    Stack_Mem                                0x20001120   Data        2048  startup_stm32f10x_hd.o(STACK)
    __initial_sp                             0x20001920   Data           0  startup_stm32f10x_hd.o(STACK)

    Global Symbols

    Symbol Name                              Value     Ov Type        Size  Object(Section)

    BuildAttributes$$THM_ISAv4$P$D$K$B$S$PE$A:L22UL41UL21$X:L11$S22US41US21$IEEE1$IW$USESV6$~STKCKD$USESV7$~SHL$OTIME$ROPI$IEEEJ$EBA8$UX$STANDARDLIB$REQ8$PRES8$EABIv2 0x00000000   Number         0  anon$$obj.o ABSOLUTE
    __ARM_use_no_argv                        0x00000000   Number         0  main.o ABSOLUTE
    _printf_flags                            0x00000000   Number         0  printf_stubs.o ABSOLUTE
    _printf_return_value                     0x00000000   Number         0  printf_stubs.o ABSOLUTE
    _printf_sizespec                         0x00000000   Number         0  printf_stubs.o ABSOLUTE
    _printf_widthprec                        0x00000000   Number         0  printf_stubs.o ABSOLUTE
    __ARM_exceptions_init                     - Undefined Weak Reference
    __alloca_initialize                       - Undefined Weak Reference
    __arm_preinit_                            - Undefined Weak Reference
    __cpp_initialize__aeabi_                  - Undefined Weak Reference
    __cxa_finalize                            - Undefined Weak Reference
    __sigvec_lookup                           - Undefined Weak Reference
    __user_heap_extent                        - Undefined Weak Reference
    _atexit_init                              - Undefined Weak Reference
    _call_atexit_fns                          - Undefined Weak Reference
    _clock_init                               - Undefined Weak Reference
    _fp_trap_init                             - Undefined Weak Reference
    _fp_trap_shutdown                         - Undefined Weak Reference
    _get_lc_collate                           - Undefined Weak Reference
    _get_lc_monetary                          - Undefined Weak Reference
    _get_lc_time                              - Undefined Weak Reference
    _getenv_init                              - Undefined Weak Reference
    _handle_redirection                       - Undefined Weak Reference
    _initio                                   - Undefined Weak Reference
    _mutex_acquire                            - Undefined Weak Reference
    _mutex_free                               - Undefined Weak Reference
    _mutex_release                            - Undefined Weak Reference
    _printf_fp_hex                            - Undefined Weak Reference
    _printf_mbtowc                            - Undefined Weak Reference
    _printf_wc                                - Undefined Weak Reference
    _rand_init                                - Undefined Weak Reference
    _signal_finish                            - Undefined Weak Reference
    _signal_init                              - Undefined Weak Reference
    _terminateio                              - Undefined Weak Reference
    __Vectors_Size                           0x00000130   Number         0  startup_stm32f10x_hd.o ABSOLUTE
    __Vectors                                0x08000000   Data           4  startup_stm32f10x_hd.o(RESET)
    __Vectors_End                            0x08000130   Data           0  startup_stm32f10x_hd.o(RESET)
    __main                                   0x08000131   Thumb Code     8  __main.o(!!!main)
    __scatterload                            0x08000139   Thumb Code     0  __scatter.o(!!!scatter)
    __scatterload_rt2                        0x08000139   Thumb Code    44  __scatter.o(!!!scatter)
    __scatterload_rt2_thumb_only             0x08000139   Thumb Code     0  __scatter.o(!!!scatter)
    __scatterload_null                       0x08000147   Thumb Code     0  __scatter.o(!!!scatter)
    __scatterload_copy                       0x0800016d   Thumb Code    26  __scatter_copy.o(!!handler_copy)
    __scatterload_zeroinit                   0x08000189   Thumb Code    28  __scatter_zi.o(!!handler_zi)
    _printf_n                                0x080001a5   Thumb Code     0  _printf_n.o(.ARM.Collect$$_printf_percent$$00000001)
    _printf_percent                          0x080001a5   Thumb Code     0  _printf_percent.o(.ARM.Collect$$_printf_percent$$00000000)
    _printf_p                                0x080001ab   Thumb Code     0  _printf_p.o(.ARM.Collect$$_printf_percent$$00000002)
    _printf_f                                0x080001b1   Thumb Code     0  _printf_f.o(.ARM.Collect$$_printf_percent$$00000003)
    _printf_e                                0x080001b7   Thumb Code     0  _printf_e.o(.ARM.Collect$$_printf_percent$$00000004)
    _printf_g                                0x080001bd   Thumb Code     0  _printf_g.o(.ARM.Collect$$_printf_percent$$00000005)
    _printf_a                                0x080001c3   Thumb Code     0  _printf_a.o(.ARM.Collect$$_printf_percent$$00000006)
    _printf_ll                               0x080001c9   Thumb Code     0  _printf_ll.o(.ARM.Collect$$_printf_percent$$00000007)
    _printf_i                                0x080001d3   Thumb Code     0  _printf_i.o(.ARM.Collect$$_printf_percent$$00000008)
    _printf_d                                0x080001d9   Thumb Code     0  _printf_d.o(.ARM.Collect$$_printf_percent$$00000009)
    _printf_u                                0x080001df   Thumb Code     0  _printf_u.o(.ARM.Collect$$_printf_percent$$0000000A)
    _printf_o                                0x080001e5   Thumb Code     0  _printf_o.o(.ARM.Collect$$_printf_percent$$0000000B)
    _printf_x                                0x080001eb   Thumb Code     0  _printf_x.o(.ARM.Collect$$_printf_percent$$0000000C)
    _printf_lli                              0x080001f1   Thumb Code     0  _printf_lli.o(.ARM.Collect$$_printf_percent$$0000000D)
    _printf_lld                              0x080001f7   Thumb Code     0  _printf_lld.o(.ARM.Collect$$_printf_percent$$0000000E)
    _printf_llu                              0x080001fd   Thumb Code     0  _printf_llu.o(.ARM.Collect$$_printf_percent$$0000000F)
    _printf_llo                              0x08000203   Thumb Code     0  _printf_llo.o(.ARM.Collect$$_printf_percent$$00000010)
    _printf_llx                              0x08000209   Thumb Code     0  _printf_llx.o(.ARM.Collect$$_printf_percent$$00000011)
    _printf_l                                0x0800020f   Thumb Code     0  _printf_l.o(.ARM.Collect$$_printf_percent$$00000012)
    _printf_c                                0x08000219   Thumb Code     0  _printf_c.o(.ARM.Collect$$_printf_percent$$00000013)
    _printf_s                                0x0800021f   Thumb Code     0  _printf_s.o(.ARM.Collect$$_printf_percent$$00000014)
    _printf_lc                               0x08000225   Thumb Code     0  _printf_lc.o(.ARM.Collect$$_printf_percent$$00000015)
    _printf_ls                               0x0800022b   Thumb Code     0  _printf_ls.o(.ARM.Collect$$_printf_percent$$00000016)
    _printf_percent_end                      0x08000231   Thumb Code     0  _printf_percent_end.o(.ARM.Collect$$_printf_percent$$00000017)
    __rt_lib_init                            0x08000235   Thumb Code     0  libinit.o(.ARM.Collect$$libinit$$00000000)
    __rt_lib_init_fp_1                       0x08000237   Thumb Code     0  libinit2.o(.ARM.Collect$$libinit$$00000002)
    __rt_lib_init_heap_1                     0x08000237   Thumb Code     0  libinit2.o(.ARM.Collect$$libinit$$0000000A)
    __rt_lib_init_lc_common                  0x08000237   Thumb Code     0  libinit2.o(.ARM.Collect$$libinit$$0000000F)
    __rt_lib_init_preinit_1                  0x08000237   Thumb Code     0  libinit2.o(.ARM.Collect$$libinit$$00000004)
    __rt_lib_init_rand_1                     0x08000237   Thumb Code     0  libinit2.o(.ARM.Collect$$libinit$$0000000E)
    __rt_lib_init_user_alloc_1               0x08000237   Thumb Code     0  libinit2.o(.ARM.Collect$$libinit$$0000000C)
    __rt_lib_init_lc_collate_1               0x0800023d   Thumb Code     0  libinit2.o(.ARM.Collect$$libinit$$00000011)
    __rt_lib_init_lc_ctype_2                 0x0800023d   Thumb Code     0  libinit2.o(.ARM.Collect$$libinit$$00000012)
    __rt_lib_init_lc_ctype_1                 0x08000249   Thumb Code     0  libinit2.o(.ARM.Collect$$libinit$$00000013)
    __rt_lib_init_lc_monetary_1              0x08000249   Thumb Code     0  libinit2.o(.ARM.Collect$$libinit$$00000015)
    __rt_lib_init_lc_numeric_2               0x08000249   Thumb Code     0  libinit2.o(.ARM.Collect$$libinit$$00000016)
    __rt_lib_init_alloca_1                   0x08000253   Thumb Code     0  libinit2.o(.ARM.Collect$$libinit$$0000002E)
    __rt_lib_init_argv_1                     0x08000253   Thumb Code     0  libinit2.o(.ARM.Collect$$libinit$$0000002C)
    __rt_lib_init_atexit_1                   0x08000253   Thumb Code     0  libinit2.o(.ARM.Collect$$libinit$$0000001B)
    __rt_lib_init_clock_1                    0x08000253   Thumb Code     0  libinit2.o(.ARM.Collect$$libinit$$00000021)
    __rt_lib_init_cpp_1                      0x08000253   Thumb Code     0  libinit2.o(.ARM.Collect$$libinit$$00000032)
    __rt_lib_init_exceptions_1               0x08000253   Thumb Code     0  libinit2.o(.ARM.Collect$$libinit$$00000030)
    __rt_lib_init_fp_trap_1                  0x08000253   Thumb Code     0  libinit2.o(.ARM.Collect$$libinit$$0000001F)
    __rt_lib_init_getenv_1                   0x08000253   Thumb Code     0  libinit2.o(.ARM.Collect$$libinit$$00000023)
    __rt_lib_init_lc_numeric_1               0x08000253   Thumb Code     0  libinit2.o(.ARM.Collect$$libinit$$00000017)
    __rt_lib_init_lc_time_1                  0x08000253   Thumb Code     0  libinit2.o(.ARM.Collect$$libinit$$00000019)
    __rt_lib_init_return                     0x08000253   Thumb Code     0  libinit2.o(.ARM.Collect$$libinit$$00000033)
    __rt_lib_init_signal_1                   0x08000253   Thumb Code     0  libinit2.o(.ARM.Collect$$libinit$$0000001D)
    __rt_lib_init_stdio_1                    0x08000253   Thumb Code     0  libinit2.o(.ARM.Collect$$libinit$$00000025)
    __rt_lib_shutdown                        0x08000255   Thumb Code     0  libshutdown.o(.ARM.Collect$$libshutdown$$00000000)
    __rt_lib_shutdown_fp_trap_1              0x08000257   Thumb Code     0  libshutdown2.o(.ARM.Collect$$libshutdown$$00000006)
    __rt_lib_shutdown_heap_1                 0x08000257   Thumb Code     0  libshutdown2.o(.ARM.Collect$$libshutdown$$0000000E)
    __rt_lib_shutdown_return                 0x08000257   Thumb Code     0  libshutdown2.o(.ARM.Collect$$libshutdown$$0000000F)
    __rt_lib_shutdown_signal_1               0x08000257   Thumb Code     0  libshutdown2.o(.ARM.Collect$$libshutdown$$00000009)
    __rt_lib_shutdown_stdio_1                0x08000257   Thumb Code     0  libshutdown2.o(.ARM.Collect$$libshutdown$$00000003)
    __rt_lib_shutdown_user_alloc_1           0x08000257   Thumb Code     0  libshutdown2.o(.ARM.Collect$$libshutdown$$0000000B)
    __rt_entry                               0x08000259   Thumb Code     0  __rtentry.o(.ARM.Collect$$rtentry$$00000000)
    __rt_entry_presh_1                       0x08000259   Thumb Code     0  __rtentry2.o(.ARM.Collect$$rtentry$$00000002)
    __rt_entry_sh                            0x08000259   Thumb Code     0  __rtentry4.o(.ARM.Collect$$rtentry$$00000004)
    __rt_entry_li                            0x0800025f   Thumb Code     0  __rtentry2.o(.ARM.Collect$$rtentry$$0000000A)
    __rt_entry_postsh_1                      0x0800025f   Thumb Code     0  __rtentry2.o(.ARM.Collect$$rtentry$$00000009)
    __rt_entry_main                          0x08000263   Thumb Code     0  __rtentry2.o(.ARM.Collect$$rtentry$$0000000D)
    __rt_entry_postli_1                      0x08000263   Thumb Code     0  __rtentry2.o(.ARM.Collect$$rtentry$$0000000C)
    __rt_exit                                0x0800026b   Thumb Code     0  rtexit.o(.ARM.Collect$$rtexit$$00000000)
    __rt_exit_ls                             0x0800026d   Thumb Code     0  rtexit2.o(.ARM.Collect$$rtexit$$00000003)
    __rt_exit_prels_1                        0x0800026d   Thumb Code     0  rtexit2.o(.ARM.Collect$$rtexit$$00000002)
    __rt_exit_exit                           0x08000271   Thumb Code     0  rtexit2.o(.ARM.Collect$$rtexit$$00000004)
    Reset_Handler                            0x08000279   Thumb Code     8  startup_stm32f10x_hd.o(.text)
    ADC1_2_IRQHandler                        0x08000293   Thumb Code     0  startup_stm32f10x_hd.o(.text)
    ADC3_IRQHandler                          0x08000293   Thumb Code     0  startup_stm32f10x_hd.o(.text)
    CAN1_RX1_IRQHandler                      0x08000293   Thumb Code     0  startup_stm32f10x_hd.o(.text)
    CAN1_SCE_IRQHandler                      0x08000293   Thumb Code     0  startup_stm32f10x_hd.o(.text)
    DMA1_Channel1_IRQHandler                 0x08000293   Thumb Code     0  startup_stm32f10x_hd.o(.text)
    DMA1_Channel2_IRQHandler                 0x08000293   Thumb Code     0  startup_stm32f10x_hd.o(.text)
    DMA1_Channel3_IRQHandler                 0x08000293   Thumb Code     0  startup_stm32f10x_hd.o(.text)
    DMA1_Channel4_IRQHandler                 0x08000293   Thumb Code     0  startup_stm32f10x_hd.o(.text)
    DMA1_Channel5_IRQHandler                 0x08000293   Thumb Code     0  startup_stm32f10x_hd.o(.text)
    DMA1_Channel6_IRQHandler                 0x08000293   Thumb Code     0  startup_stm32f10x_hd.o(.text)
    DMA1_Channel7_IRQHandler                 0x08000293   Thumb Code     0  startup_stm32f10x_hd.o(.text)
    DMA2_Channel1_IRQHandler                 0x08000293   Thumb Code     0  startup_stm32f10x_hd.o(.text)
    DMA2_Channel2_IRQHandler                 0x08000293   Thumb Code     0  startup_stm32f10x_hd.o(.text)
    DMA2_Channel3_IRQHandler                 0x08000293   Thumb Code     0  startup_stm32f10x_hd.o(.text)
    DMA2_Channel4_5_IRQHandler               0x08000293   Thumb Code     0  startup_stm32f10x_hd.o(.text)
    EXTI0_IRQHandler                         0x08000293   Thumb Code     0  startup_stm32f10x_hd.o(.text)
    EXTI15_10_IRQHandler                     0x08000293   Thumb Code     0  startup_stm32f10x_hd.o(.text)
    EXTI1_IRQHandler                         0x08000293   Thumb Code     0  startup_stm32f10x_hd.o(.text)
    EXTI2_IRQHandler                         0x08000293   Thumb Code     0  startup_stm32f10x_hd.o(.text)
    EXTI3_IRQHandler                         0x08000293   Thumb Code     0  startup_stm32f10x_hd.o(.text)
    EXTI4_IRQHandler                         0x08000293   Thumb Code     0  startup_stm32f10x_hd.o(.text)
    EXTI9_5_IRQHandler                       0x08000293   Thumb Code     0  startup_stm32f10x_hd.o(.text)
    FLASH_IRQHandler                         0x08000293   Thumb Code     0  startup_stm32f10x_hd.o(.text)
    FSMC_IRQHandler                          0x08000293   Thumb Code     0  startup_stm32f10x_hd.o(.text)
    I2C1_ER_IRQHandler                       0x08000293   Thumb Code     0  startup_stm32f10x_hd.o(.text)
    I2C1_EV_IRQHandler                       0x08000293   Thumb Code     0  startup_stm32f10x_hd.o(.text)
    I2C2_ER_IRQHandler                       0x08000293   Thumb Code     0  startup_stm32f10x_hd.o(.text)
    I2C2_EV_IRQHandler                       0x08000293   Thumb Code     0  startup_stm32f10x_hd.o(.text)
    PVD_IRQHandler                           0x08000293   Thumb Code     0  startup_stm32f10x_hd.o(.text)
    RCC_IRQHandler                           0x08000293   Thumb Code     0  startup_stm32f10x_hd.o(.text)
    RTCAlarm_IRQHandler                      0x08000293   Thumb Code     0  startup_stm32f10x_hd.o(.text)
    RTC_IRQHandler                           0x08000293   Thumb Code     0  startup_stm32f10x_hd.o(.text)
    SDIO_IRQHandler                          0x08000293   Thumb Code     0  startup_stm32f10x_hd.o(.text)
    SPI1_IRQHandler                          0x08000293   Thumb Code     0  startup_stm32f10x_hd.o(.text)
    SPI2_IRQHandler                          0x08000293   Thumb Code     0  startup_stm32f10x_hd.o(.text)
    SPI3_IRQHandler                          0x08000293   Thumb Code     0  startup_stm32f10x_hd.o(.text)
    TAMPER_IRQHandler                        0x08000293   Thumb Code     0  startup_stm32f10x_hd.o(.text)
    TIM1_BRK_IRQHandler                      0x08000293   Thumb Code     0  startup_stm32f10x_hd.o(.text)
    TIM1_CC_IRQHandler                       0x08000293   Thumb Code     0  startup_stm32f10x_hd.o(.text)
    TIM1_TRG_COM_IRQHandler                  0x08000293   Thumb Code     0  startup_stm32f10x_hd.o(.text)
    TIM1_UP_IRQHandler                       0x08000293   Thumb Code     0  startup_stm32f10x_hd.o(.text)
    TIM3_IRQHandler                          0x08000293   Thumb Code     0  startup_stm32f10x_hd.o(.text)
    TIM4_IRQHandler                          0x08000293   Thumb Code     0  startup_stm32f10x_hd.o(.text)
    TIM5_IRQHandler                          0x08000293   Thumb Code     0  startup_stm32f10x_hd.o(.text)
    TIM6_IRQHandler                          0x08000293   Thumb Code     0  startup_stm32f10x_hd.o(.text)
    TIM7_IRQHandler                          0x08000293   Thumb Code     0  startup_stm32f10x_hd.o(.text)
    TIM8_BRK_IRQHandler                      0x08000293   Thumb Code     0  startup_stm32f10x_hd.o(.text)
    TIM8_CC_IRQHandler                       0x08000293   Thumb Code     0  startup_stm32f10x_hd.o(.text)
    TIM8_TRG_COM_IRQHandler                  0x08000293   Thumb Code     0  startup_stm32f10x_hd.o(.text)
    TIM8_UP_IRQHandler                       0x08000293   Thumb Code     0  startup_stm32f10x_hd.o(.text)
    UART4_IRQHandler                         0x08000293   Thumb Code     0  startup_stm32f10x_hd.o(.text)
    UART5_IRQHandler                         0x08000293   Thumb Code     0  startup_stm32f10x_hd.o(.text)
    USART2_IRQHandler                        0x08000293   Thumb Code     0  startup_stm32f10x_hd.o(.text)
    USART3_IRQHandler                        0x08000293   Thumb Code     0  startup_stm32f10x_hd.o(.text)
    USBWakeUp_IRQHandler                     0x08000293   Thumb Code     0  startup_stm32f10x_hd.o(.text)
    USB_HP_CAN1_TX_IRQHandler                0x08000293   Thumb Code     0  startup_stm32f10x_hd.o(.text)
    WWDG_IRQHandler                          0x08000293   Thumb Code     0  startup_stm32f10x_hd.o(.text)
    __user_initial_stackheap                 0x08000295   Thumb Code     0  startup_stm32f10x_hd.o(.text)
    __c89vsnprintf                           0x080002b9   Thumb Code    48  c89vsnprintf.o(.text)
    __aeabi_memclr4                          0x080002ed   Thumb Code     0  rt_memclr_w.o(.text)
    __aeabi_memclr8                          0x080002ed   Thumb Code     0  rt_memclr_w.o(.text)
    __rt_memclr_w                            0x080002ed   Thumb Code    78  rt_memclr_w.o(.text)
    _memset_w                                0x080002f1   Thumb Code     0  rt_memclr_w.o(.text)
    strcmp                                   0x0800033d   Thumb Code   128  strcmpv7m.o(.text)
    __use_two_region_memory                  0x080003bd   Thumb Code     2  heapauxi.o(.text)
    __rt_heap_escrow                         0x080003bf   Thumb Code     2  heapauxi.o(.text)
    __rt_heap_expand                         0x080003c1   Thumb Code     2  heapauxi.o(.text)
    _printf_pre_padding                      0x080003c3   Thumb Code    44  _printf_pad.o(.text)
    _printf_post_padding                     0x080003ef   Thumb Code    34  _printf_pad.o(.text)
    _printf_truncate_signed                  0x08000411   Thumb Code    18  _printf_truncate.o(.text)
    _printf_truncate_unsigned                0x08000423   Thumb Code    18  _printf_truncate.o(.text)
    _printf_str                              0x08000435   Thumb Code    82  _printf_str.o(.text)
    _printf_int_dec                          0x08000489   Thumb Code   104  _printf_dec.o(.text)
    _printf_charcount                        0x08000501   Thumb Code    40  _printf_charcount.o(.text)
    _printf_char_common                      0x08000533   Thumb Code    32  _printf_char_common.o(.text)
    _sputc                                   0x08000559   Thumb Code    10  _sputc.o(.text)
    _snputc                                  0x08000563   Thumb Code    16  _snputc.o(.text)
    _printf_wctomb                           0x08000575   Thumb Code   182  _printf_wctomb.o(.text)
    _printf_longlong_dec                     0x08000631   Thumb Code   108  _printf_longlong_dec.o(.text)
    _printf_longlong_oct                     0x080006ad   Thumb Code    68  _printf_oct_int_ll.o(.text)
    _printf_int_oct                          0x080006f1   Thumb Code    24  _printf_oct_int_ll.o(.text)
    _printf_ll_oct                           0x08000709   Thumb Code    12  _printf_oct_int_ll.o(.text)
    _printf_longlong_hex                     0x0800071d   Thumb Code    86  _printf_hex_int_ll_ptr.o(.text)
    _printf_int_hex                          0x08000773   Thumb Code    28  _printf_hex_int_ll_ptr.o(.text)
    _printf_ll_hex                           0x0800078f   Thumb Code    12  _printf_hex_int_ll_ptr.o(.text)
    _printf_hex_ptr                          0x0800079b   Thumb Code    18  _printf_hex_int_ll_ptr.o(.text)
    __printf                                 0x080007b1   Thumb Code   388  __printf_flags_ss_wp.o(.text)
    __user_libspace                          0x08000939   Thumb Code     8  libspace.o(.text)
    __user_perproc_libspace                  0x08000939   Thumb Code     0  libspace.o(.text)
    __user_perthread_libspace                0x08000939   Thumb Code     0  libspace.o(.text)
    _ll_udiv10                               0x08000941   Thumb Code   138  lludiv10.o(.text)
    _printf_int_common                       0x080009cb   Thumb Code   178  _printf_intcommon.o(.text)
    __lib_sel_fp_printf                      0x08000a7d   Thumb Code     2  _printf_fp_dec.o(.text)
    _printf_fp_dec_real                      0x08000c2b   Thumb Code   620  _printf_fp_dec.o(.text)
    _printf_cs_common                        0x08000e97   Thumb Code    20  _printf_char.o(.text)
    _printf_char                             0x08000eab   Thumb Code    16  _printf_char.o(.text)
    _printf_string                           0x08000ebb   Thumb Code     8  _printf_char.o(.text)
    _printf_lcs_common                       0x08000ec3   Thumb Code    20  _printf_wchar.o(.text)
    _printf_wchar                            0x08000ed7   Thumb Code    16  _printf_wchar.o(.text)
    _printf_wstring                          0x08000ee7   Thumb Code     8  _printf_wchar.o(.text)
    _wcrtomb                                 0x08000eef   Thumb Code    64  _wcrtomb.o(.text)
    __I$use$semihosting                      0x08000f2f   Thumb Code     0  use_no_semi.o(.text)
    __use_no_semihosting_swi                 0x08000f2f   Thumb Code     2  use_no_semi.o(.text)
    __semihosting_library_function           0x08000f31   Thumb Code     0  indicate_semi.o(.text)
    __user_setup_stackheap                   0x08000f31   Thumb Code    74  sys_stackheap_outer.o(.text)
    __rt_ctype_table                         0x08000f7d   Thumb Code    16  rt_ctype_table.o(.text)
    __rt_locale                              0x08000f8d   Thumb Code     8  rt_locale_intlibspace.o(.text)
    _printf_fp_infnan                        0x08000f95   Thumb Code   112  _printf_fp_infnan.o(.text)
    _btod_etento                             0x08001015   Thumb Code   216  bigflt0.o(.text)
    exit                                     0x080010f1   Thumb Code    12  exit.o(.text)
    _sys_exit                                0x080010fd   Thumb Code     8  sys_exit.o(.text)
    _btod_d2e                                0x08001109   Thumb Code    62  btod.o(CL$$btod_d2e)
    _d2e_denorm_low                          0x08001147   Thumb Code    70  btod.o(CL$$btod_d2e_denorm_low)
    _d2e_norm_op1                            0x0800118d   Thumb Code    96  btod.o(CL$$btod_d2e_norm_op1)
    __btod_div_common                        0x080011ed   Thumb Code   696  btod.o(CL$$btod_div_common)
    _e2e                                     0x08001525   Thumb Code   198  btod.o(CL$$btod_e2e)
    _btod_ediv                               0x080015eb   Thumb Code    40  btod.o(CL$$btod_ediv)
    _btod_emul                               0x08001613   Thumb Code    40  btod.o(CL$$btod_emul)
    __btod_mult_common                       0x0800163b   Thumb Code   580  btod.o(CL$$btod_mult_common)
    BusFault_Handler                         0x0800187f   Thumb Code     4  stm32f10x_it.o(i.BusFault_Handler)
    CAN_ClearITPendingBit                    0x08001885   Thumb Code   162  stm32f10x_can.o(i.CAN_ClearITPendingBit)
    CAN_GetITStatus                          0x0800192d   Thumb Code   284  stm32f10x_can.o(i.CAN_GetITStatus)
    CAN_Receive                              0x08001a4d   Thumb Code   240  stm32f10x_can.o(i.CAN_Receive)
    DebugMon_Handler                         0x08001b4f   Thumb Code     2  stm32f10x_it.o(i.DebugMon_Handler)
    FLASH_PrefetchBufferCmd                  0x08001b51   Thumb Code    22  stm32f10x_flash.o(i.FLASH_PrefetchBufferCmd)
    FLASH_SetLatency                         0x08001b6d   Thumb Code    18  stm32f10x_flash.o(i.FLASH_SetLatency)
    GPIO_Init                                0x08001b85   Thumb Code   278  stm32f10x_gpio.o(i.GPIO_Init)
    HardFault_Handler                        0x08001c9b   Thumb Code     4  stm32f10x_it.o(i.HardFault_Handler)
    MemManage_Handler                        0x08001c9f   Thumb Code     4  stm32f10x_it.o(i.MemManage_Handler)
    NMI_Handler                              0x08001ca3   Thumb Code     2  stm32f10x_it.o(i.NMI_Handler)
    PID                                      0x08001ca5   Thumb Code   124  main.o(i.PID)
    PWM_init                                 0x08001d21   Thumb Code   304  tim.o(i.PWM_init)
    PWM_set                                  0x08001e69   Thumb Code   136  tim.o(i.PWM_set)
    PendSV_Handler                           0x08001efd   Thumb Code     2  stm32f10x_it.o(i.PendSV_Handler)
    RCC_APB1PeriphClockCmd                   0x08001f01   Thumb Code    26  stm32f10x_rcc.o(i.RCC_APB1PeriphClockCmd)
    RCC_APB1PeriphResetCmd                   0x08001f21   Thumb Code    26  stm32f10x_rcc.o(i.RCC_APB1PeriphResetCmd)
    RCC_APB2PeriphClockCmd                   0x08001f41   Thumb Code    26  stm32f10x_rcc.o(i.RCC_APB2PeriphClockCmd)
    RCC_APB2PeriphResetCmd                   0x08001f61   Thumb Code    26  stm32f10x_rcc.o(i.RCC_APB2PeriphResetCmd)
    RCC_DeInit                               0x08001f81   Thumb Code    64  stm32f10x_rcc.o(i.RCC_DeInit)
    RCC_GetFlagStatus                        0x08001fcd   Thumb Code    56  stm32f10x_rcc.o(i.RCC_GetFlagStatus)
    RCC_GetSYSCLKSource                      0x08002009   Thumb Code    10  stm32f10x_rcc.o(i.RCC_GetSYSCLKSource)
    RCC_HCLKConfig                           0x08002019   Thumb Code    18  stm32f10x_rcc.o(i.RCC_HCLKConfig)
    RCC_HSEConfig                            0x08002031   Thumb Code    70  stm32f10x_rcc.o(i.RCC_HSEConfig)
    RCC_PCLK1Config                          0x0800207d   Thumb Code    18  stm32f10x_rcc.o(i.RCC_PCLK1Config)
    RCC_PCLK2Config                          0x08002095   Thumb Code    20  stm32f10x_rcc.o(i.RCC_PCLK2Config)
    RCC_PLLCmd                               0x080020ad   Thumb Code     6  stm32f10x_rcc.o(i.RCC_PLLCmd)
    RCC_PLLConfig                            0x080020b9   Thumb Code    24  stm32f10x_rcc.o(i.RCC_PLLConfig)
    RCC_SYSCLKConfig                         0x080020d5   Thumb Code    18  stm32f10x_rcc.o(i.RCC_SYSCLKConfig)
    RCC_WaitForHSEStartUp                    0x080020ed   Thumb Code    56  stm32f10x_rcc.o(i.RCC_WaitForHSEStartUp)
    SVC_Handler                              0x08002125   Thumb Code     2  stm32f10x_it.o(i.SVC_Handler)
    SysTick_Handler                          0x08002211   Thumb Code     2  stm32f10x_it.o(i.SysTick_Handler)
    SystemInit                               0x08002215   Thumb Code    78  system_stm32f10x.o(i.SystemInit)
    TIM2_IRQHandler                          0x080024b5   Thumb Code    98  main.o(i.TIM2_IRQHandler)
    TIM_ClearFlag                            0x08002531   Thumb Code     6  stm32f10x_tim.o(i.TIM_ClearFlag)
    TIM_ClearITPendingBit                    0x08002537   Thumb Code     6  stm32f10x_tim.o(i.TIM_ClearITPendingBit)
    TIM_Cmd                                  0x0800253d   Thumb Code    24  stm32f10x_tim.o(i.TIM_Cmd)
    TIM_CtrlPWMOutputs                       0x08002555   Thumb Code    30  stm32f10x_tim.o(i.TIM_CtrlPWMOutputs)
    TIM_DeInit                               0x08002575   Thumb Code   424  stm32f10x_tim.o(i.TIM_DeInit)
    TIM_EncoderInterfaceConfig               0x0800275d   Thumb Code    66  stm32f10x_tim.o(i.TIM_EncoderInterfaceConfig)
    TIM_GetITStatus                          0x0800279f   Thumb Code    34  stm32f10x_tim.o(i.TIM_GetITStatus)
    TIM_ICInit                               0x080027c1   Thumb Code   150  stm32f10x_tim.o(i.TIM_ICInit)
    TIM_ICStructInit                         0x0800286d   Thumb Code    18  stm32f10x_tim.o(i.TIM_ICStructInit)
    TIM_ITConfig                             0x0800287f   Thumb Code    18  stm32f10x_tim.o(i.TIM_ITConfig)
    TIM_OC1Init                              0x08002891   Thumb Code   132  stm32f10x_tim.o(i.TIM_OC1Init)
    TIM_OC2Init                              0x08002929   Thumb Code   154  stm32f10x_tim.o(i.TIM_OC2Init)
    TIM_OC3Init                              0x080029cd   Thumb Code   150  stm32f10x_tim.o(i.TIM_OC3Init)
    TIM_OC4Init                              0x08002a6d   Thumb Code   114  stm32f10x_tim.o(i.TIM_OC4Init)
    TIM_SetCompare1                          0x08002ae9   Thumb Code     4  stm32f10x_tim.o(i.TIM_SetCompare1)
    TIM_SetCompare2                          0x08002aed   Thumb Code     4  stm32f10x_tim.o(i.TIM_SetCompare2)
    TIM_SetCompare3                          0x08002af1   Thumb Code     4  stm32f10x_tim.o(i.TIM_SetCompare3)
    TIM_SetCompare4                          0x08002af5   Thumb Code     6  stm32f10x_tim.o(i.TIM_SetCompare4)
    TIM_SetIC1Prescaler                      0x08002afb   Thumb Code    18  stm32f10x_tim.o(i.TIM_SetIC1Prescaler)
    TIM_SetIC2Prescaler                      0x08002b0d   Thumb Code    26  stm32f10x_tim.o(i.TIM_SetIC2Prescaler)
    TIM_SetIC3Prescaler                      0x08002b27   Thumb Code    18  stm32f10x_tim.o(i.TIM_SetIC3Prescaler)
    TIM_SetIC4Prescaler                      0x08002b39   Thumb Code    26  stm32f10x_tim.o(i.TIM_SetIC4Prescaler)
    TIM_TimeBaseInit                         0x08002b55   Thumb Code   122  stm32f10x_tim.o(i.TIM_TimeBaseInit)
    TIM_TimeBaseStructInit                   0x08002bf9   Thumb Code    18  stm32f10x_tim.o(i.TIM_TimeBaseStructInit)
    USART1_IRQHandler                        0x08002c0d   Thumb Code   310  cmd.o(i.USART1_IRQHandler)
    USART_ClearFlag                          0x08002d99   Thumb Code    18  stm32f10x_usart.o(i.USART_ClearFlag)
    USART_ClearITPendingBit                  0x08002dab   Thumb Code    30  stm32f10x_usart.o(i.USART_ClearITPendingBit)
    USART_GetFlagStatus                      0x08002dc9   Thumb Code    26  stm32f10x_usart.o(i.USART_GetFlagStatus)
    USART_GetITStatus                        0x08002de3   Thumb Code    84  stm32f10x_usart.o(i.USART_GetITStatus)
    USART_ReceiveData                        0x08002e37   Thumb Code    10  stm32f10x_usart.o(i.USART_ReceiveData)
    USART_SendData                           0x08002e41   Thumb Code     8  stm32f10x_usart.o(i.USART_SendData)
    USB_LP_CAN1_RX0_IRQHandler               0x08002e49   Thumb Code    62  can.o(i.USB_LP_CAN1_RX0_IRQHandler)
    UsageFault_Handler                       0x08002e95   Thumb Code     4  stm32f10x_it.o(i.UsageFault_Handler)
    __ARM_fpclassify                         0x08002e99   Thumb Code    40  fpclassify.o(i.__ARM_fpclassify)
    _is_digit                                0x08002ec1   Thumb Code    14  __printf_wp.o(i._is_digit)
    cmd_exec                                 0x08002ed1   Thumb Code    76  cmd.o(i.cmd_exec)
    cmd_help_func                            0x08002f21   Thumb Code    70  cmd.o(i.cmd_help_func)
    cmd_parse                                0x08002f8d   Thumb Code   136  cmd.o(i.cmd_parse)
    encode_init                              0x08003015   Thumb Code   252  tim.o(i.encode_init)
    main                                     0x08003131   Thumb Code    40  main.o(i.main)
    motorInit                                0x0800315d   Thumb Code    94  tim.o(i.motorInit)
    rcc_init                                 0x080031d1   Thumb Code   140  rcc.o(i.rcc_init)
    setSpeed                                 0x0800325d   Thumb Code   214  tim.o(i.setSpeed)
    system_clk_set                           0x0800333d   Thumb Code   106  rcc.o(i.system_clk_set)
    uprintf                                  0x080033a7   Thumb Code   138  usart.o(i.uprintf)
    _get_lc_numeric                          0x08003431   Thumb Code    44  lc_numeric_c.o(locale$$code)
    _get_lc_ctype                            0x0800345d   Thumb Code    44  lc_ctype_c.o(locale$$code)
    __aeabi_ddiv                             0x08003489   Thumb Code     0  ddiv.o(x$fpl$ddiv)
    _ddiv                                    0x08003489   Thumb Code   552  ddiv.o(x$fpl$ddiv)
    __aeabi_d2uiz                            0x08003739   Thumb Code     0  dfixu.o(x$fpl$dfixu)
    _dfixu                                   0x08003739   Thumb Code    90  dfixu.o(x$fpl$dfixu)
    __aeabi_i2d                              0x08003793   Thumb Code     0  dflt_clz.o(x$fpl$dflt)
    _dflt                                    0x08003793   Thumb Code    46  dflt_clz.o(x$fpl$dflt)
    __fpl_dnaninf                            0x080037c1   Thumb Code   156  dnaninf.o(x$fpl$dnaninf)
    __fpl_dretinf                            0x0800385d   Thumb Code    12  dretinf.o(x$fpl$dretinf)
    __aeabi_fadd                             0x08003869   Thumb Code     0  faddsub_clz.o(x$fpl$fadd)
    _fadd                                    0x08003869   Thumb Code   196  faddsub_clz.o(x$fpl$fadd)
    __aeabi_f2iz                             0x0800392d   Thumb Code     0  ffix.o(x$fpl$ffix)
    _ffix                                    0x0800392d   Thumb Code    54  ffix.o(x$fpl$ffix)
    __aeabi_i2f                              0x08003965   Thumb Code     0  fflt_clz.o(x$fpl$fflt)
    _fflt                                    0x08003965   Thumb Code    48  fflt_clz.o(x$fpl$fflt)
    __aeabi_fmul                             0x08003995   Thumb Code     0  fmul.o(x$fpl$fmul)
    _fmul                                    0x08003995   Thumb Code   258  fmul.o(x$fpl$fmul)
    __fpl_fnaninf                            0x08003a97   Thumb Code   140  fnaninf.o(x$fpl$fnaninf)
    __fpl_fretinf                            0x08003b23   Thumb Code    10  fretinf.o(x$fpl$fretinf)
    __aeabi_fsub                             0x08003b2d   Thumb Code     0  faddsub_clz.o(x$fpl$fsub)
    _fsub                                    0x08003b2d   Thumb Code   234  faddsub_clz.o(x$fpl$fsub)
    _printf_fp_dec                           0x08003c17   Thumb Code     4  printf1.o(x$fpl$printf1)
    __I$use$fp                               0x08003c1a   Number         0  usenofp.o(x$fpl$usenofp)
    Region$$Table$$Base                      0x08003cf4   Number         0  anon$$obj.o(Region$$Table)
    Region$$Table$$Limit                     0x08003d14   Number         0  anon$$obj.o(Region$$Table)
    __ctype                                  0x08003d3d   Data           0  lc_ctype_c.o(locale$$data)
    PID_TIM4                                 0x20000000   Data          28  main.o(.data)
    PID_TIM3                                 0x2000001c   Data          28  main.o(.data)
    Lspeed                                   0x20000038   Data           4  main.o(.data)
    Rspeed                                   0x2000003c   Data           4  main.o(.data)
    can_cb_array                             0x2000008c   Data        2048  can.o(.bss)
    __libspace_start                         0x200008bc   Data          96  libspace.o(.bss)
    __temporary_stack_top$libspace           0x2000091c   Data           0  libspace.o(.bss)



==============================================================================

Memory Map of the image

  Image Entry point : 0x08000131

  Load Region LR_IROM1 (Base: 0x08000000, Size: 0x00003eb8, Max: 0x00040000, ABSOLUTE)

    Execution Region ER_IROM1 (Base: 0x08000000, Size: 0x00003e40, Max: 0x00040000, ABSOLUTE)

    Base Addr    Size         Type   Attr      Idx    E Section Name        Object

    0x08000000   0x00000130   Data   RO         3662    RESET               startup_stm32f10x_hd.o
    0x08000130   0x00000008   Code   RO         4328  * !!!main             c_w.l(__main.o)
    0x08000138   0x00000034   Code   RO         4735    !!!scatter          c_w.l(__scatter.o)
    0x0800016c   0x0000001a   Code   RO         4737    !!handler_copy      c_w.l(__scatter_copy.o)
    0x08000186   0x00000002   PAD
    0x08000188   0x0000001c   Code   RO         4739    !!handler_zi        c_w.l(__scatter_zi.o)
    0x080001a4   0x00000000   Code   RO         4483    .ARM.Collect$$_printf_percent$$00000000  c_w.l(_printf_percent.o)
    0x080001a4   0x00000006   Code   RO         4472    .ARM.Collect$$_printf_percent$$00000001  c_w.l(_printf_n.o)
    0x080001aa   0x00000006   Code   RO         4474    .ARM.Collect$$_printf_percent$$00000002  c_w.l(_printf_p.o)
    0x080001b0   0x00000006   Code   RO         4479    .ARM.Collect$$_printf_percent$$00000003  c_w.l(_printf_f.o)
    0x080001b6   0x00000006   Code   RO         4480    .ARM.Collect$$_printf_percent$$00000004  c_w.l(_printf_e.o)
    0x080001bc   0x00000006   Code   RO         4481    .ARM.Collect$$_printf_percent$$00000005  c_w.l(_printf_g.o)
    0x080001c2   0x00000006   Code   RO         4482    .ARM.Collect$$_printf_percent$$00000006  c_w.l(_printf_a.o)
    0x080001c8   0x0000000a   Code   RO         4487    .ARM.Collect$$_printf_percent$$00000007  c_w.l(_printf_ll.o)
    0x080001d2   0x00000006   Code   RO         4476    .ARM.Collect$$_printf_percent$$00000008  c_w.l(_printf_i.o)
    0x080001d8   0x00000006   Code   RO         4477    .ARM.Collect$$_printf_percent$$00000009  c_w.l(_printf_d.o)
    0x080001de   0x00000006   Code   RO         4478    .ARM.Collect$$_printf_percent$$0000000A  c_w.l(_printf_u.o)
    0x080001e4   0x00000006   Code   RO         4475    .ARM.Collect$$_printf_percent$$0000000B  c_w.l(_printf_o.o)
    0x080001ea   0x00000006   Code   RO         4473    .ARM.Collect$$_printf_percent$$0000000C  c_w.l(_printf_x.o)
    0x080001f0   0x00000006   Code   RO         4484    .ARM.Collect$$_printf_percent$$0000000D  c_w.l(_printf_lli.o)
    0x080001f6   0x00000006   Code   RO         4485    .ARM.Collect$$_printf_percent$$0000000E  c_w.l(_printf_lld.o)
    0x080001fc   0x00000006   Code   RO         4486    .ARM.Collect$$_printf_percent$$0000000F  c_w.l(_printf_llu.o)
    0x08000202   0x00000006   Code   RO         4491    .ARM.Collect$$_printf_percent$$00000010  c_w.l(_printf_llo.o)
    0x08000208   0x00000006   Code   RO         4492    .ARM.Collect$$_printf_percent$$00000011  c_w.l(_printf_llx.o)
    0x0800020e   0x0000000a   Code   RO         4488    .ARM.Collect$$_printf_percent$$00000012  c_w.l(_printf_l.o)
    0x08000218   0x00000006   Code   RO         4470    .ARM.Collect$$_printf_percent$$00000013  c_w.l(_printf_c.o)
    0x0800021e   0x00000006   Code   RO         4471    .ARM.Collect$$_printf_percent$$00000014  c_w.l(_printf_s.o)
    0x08000224   0x00000006   Code   RO         4489    .ARM.Collect$$_printf_percent$$00000015  c_w.l(_printf_lc.o)
    0x0800022a   0x00000006   Code   RO         4490    .ARM.Collect$$_printf_percent$$00000016  c_w.l(_printf_ls.o)
    0x08000230   0x00000004   Code   RO         4593    .ARM.Collect$$_printf_percent$$00000017  c_w.l(_printf_percent_end.o)
    0x08000234   0x00000002   Code   RO         4668    .ARM.Collect$$libinit$$00000000  c_w.l(libinit.o)
    0x08000236   0x00000000   Code   RO         4498    .ARM.Collect$$libinit$$00000002  c_w.l(libinit2.o)
    0x08000236   0x00000000   Code   RO         4500    .ARM.Collect$$libinit$$00000004  c_w.l(libinit2.o)
    0x08000236   0x00000000   Code   RO         4503    .ARM.Collect$$libinit$$0000000A  c_w.l(libinit2.o)
    0x08000236   0x00000000   Code   RO         4505    .ARM.Collect$$libinit$$0000000C  c_w.l(libinit2.o)
    0x08000236   0x00000000   Code   RO         4507    .ARM.Collect$$libinit$$0000000E  c_w.l(libinit2.o)
    0x08000236   0x00000006   Code   RO         4508    .ARM.Collect$$libinit$$0000000F  c_w.l(libinit2.o)
    0x0800023c   0x00000000   Code   RO         4510    .ARM.Collect$$libinit$$00000011  c_w.l(libinit2.o)
    0x0800023c   0x0000000c   Code   RO         4511    .ARM.Collect$$libinit$$00000012  c_w.l(libinit2.o)
    0x08000248   0x00000000   Code   RO         4512    .ARM.Collect$$libinit$$00000013  c_w.l(libinit2.o)
    0x08000248   0x00000000   Code   RO         4514    .ARM.Collect$$libinit$$00000015  c_w.l(libinit2.o)
    0x08000248   0x0000000a   Code   RO         4515    .ARM.Collect$$libinit$$00000016  c_w.l(libinit2.o)
    0x08000252   0x00000000   Code   RO         4516    .ARM.Collect$$libinit$$00000017  c_w.l(libinit2.o)
    0x08000252   0x00000000   Code   RO         4518    .ARM.Collect$$libinit$$00000019  c_w.l(libinit2.o)
    0x08000252   0x00000000   Code   RO         4520    .ARM.Collect$$libinit$$0000001B  c_w.l(libinit2.o)
    0x08000252   0x00000000   Code   RO         4522    .ARM.Collect$$libinit$$0000001D  c_w.l(libinit2.o)
    0x08000252   0x00000000   Code   RO         4524    .ARM.Collect$$libinit$$0000001F  c_w.l(libinit2.o)
    0x08000252   0x00000000   Code   RO         4526    .ARM.Collect$$libinit$$00000021  c_w.l(libinit2.o)
    0x08000252   0x00000000   Code   RO         4528    .ARM.Collect$$libinit$$00000023  c_w.l(libinit2.o)
    0x08000252   0x00000000   Code   RO         4530    .ARM.Collect$$libinit$$00000025  c_w.l(libinit2.o)
    0x08000252   0x00000000   Code   RO         4534    .ARM.Collect$$libinit$$0000002C  c_w.l(libinit2.o)
    0x08000252   0x00000000   Code   RO         4536    .ARM.Collect$$libinit$$0000002E  c_w.l(libinit2.o)
    0x08000252   0x00000000   Code   RO         4538    .ARM.Collect$$libinit$$00000030  c_w.l(libinit2.o)
    0x08000252   0x00000000   Code   RO         4540    .ARM.Collect$$libinit$$00000032  c_w.l(libinit2.o)
    0x08000252   0x00000002   Code   RO         4541    .ARM.Collect$$libinit$$00000033  c_w.l(libinit2.o)
    0x08000254   0x00000002   Code   RO         4732    .ARM.Collect$$libshutdown$$00000000  c_w.l(libshutdown.o)
    0x08000256   0x00000000   Code   RO         4690    .ARM.Collect$$libshutdown$$00000003  c_w.l(libshutdown2.o)
    0x08000256   0x00000000   Code   RO         4693    .ARM.Collect$$libshutdown$$00000006  c_w.l(libshutdown2.o)
    0x08000256   0x00000000   Code   RO         4696    .ARM.Collect$$libshutdown$$00000009  c_w.l(libshutdown2.o)
    0x08000256   0x00000000   Code   RO         4698    .ARM.Collect$$libshutdown$$0000000B  c_w.l(libshutdown2.o)
    0x08000256   0x00000000   Code   RO         4701    .ARM.Collect$$libshutdown$$0000000E  c_w.l(libshutdown2.o)
    0x08000256   0x00000002   Code   RO         4702    .ARM.Collect$$libshutdown$$0000000F  c_w.l(libshutdown2.o)
    0x08000258   0x00000000   Code   RO         4368    .ARM.Collect$$rtentry$$00000000  c_w.l(__rtentry.o)
    0x08000258   0x00000000   Code   RO         4559    .ARM.Collect$$rtentry$$00000002  c_w.l(__rtentry2.o)
    0x08000258   0x00000006   Code   RO         4571    .ARM.Collect$$rtentry$$00000004  c_w.l(__rtentry4.o)
    0x0800025e   0x00000000   Code   RO         4561    .ARM.Collect$$rtentry$$00000009  c_w.l(__rtentry2.o)
    0x0800025e   0x00000004   Code   RO         4562    .ARM.Collect$$rtentry$$0000000A  c_w.l(__rtentry2.o)
    0x08000262   0x00000000   Code   RO         4564    .ARM.Collect$$rtentry$$0000000C  c_w.l(__rtentry2.o)
    0x08000262   0x00000008   Code   RO         4565    .ARM.Collect$$rtentry$$0000000D  c_w.l(__rtentry2.o)
    0x0800026a   0x00000002   Code   RO         4675    .ARM.Collect$$rtexit$$00000000  c_w.l(rtexit.o)
    0x0800026c   0x00000000   Code   RO         4706    .ARM.Collect$$rtexit$$00000002  c_w.l(rtexit2.o)
    0x0800026c   0x00000004   Code   RO         4707    .ARM.Collect$$rtexit$$00000003  c_w.l(rtexit2.o)
    0x08000270   0x00000006   Code   RO         4708    .ARM.Collect$$rtexit$$00000004  c_w.l(rtexit2.o)
    0x08000276   0x00000002   PAD
    0x08000278   0x00000040   Code   RO         3663    .text               startup_stm32f10x_hd.o
    0x080002b8   0x00000034   Code   RO         4318    .text               c_w.l(c89vsnprintf.o)
    0x080002ec   0x0000004e   Code   RO         4322    .text               c_w.l(rt_memclr_w.o)
    0x0800033a   0x00000002   PAD
    0x0800033c   0x00000080   Code   RO         4324    .text               c_w.l(strcmpv7m.o)
    0x080003bc   0x00000006   Code   RO         4326    .text               c_w.l(heapauxi.o)
    0x080003c2   0x0000004e   Code   RO         4402    .text               c_w.l(_printf_pad.o)
    0x08000410   0x00000024   Code   RO         4404    .text               c_w.l(_printf_truncate.o)
    0x08000434   0x00000052   Code   RO         4406    .text               c_w.l(_printf_str.o)
    0x08000486   0x00000002   PAD
    0x08000488   0x00000078   Code   RO         4408    .text               c_w.l(_printf_dec.o)
    0x08000500   0x00000028   Code   RO         4410    .text               c_w.l(_printf_charcount.o)
    0x08000528   0x00000030   Code   RO         4412    .text               c_w.l(_printf_char_common.o)
    0x08000558   0x0000000a   Code   RO         4414    .text               c_w.l(_sputc.o)
    0x08000562   0x00000010   Code   RO         4416    .text               c_w.l(_snputc.o)
    0x08000572   0x00000002   PAD
    0x08000574   0x000000bc   Code   RO         4418    .text               c_w.l(_printf_wctomb.o)
    0x08000630   0x0000007c   Code   RO         4421    .text               c_w.l(_printf_longlong_dec.o)
    0x080006ac   0x00000070   Code   RO         4427    .text               c_w.l(_printf_oct_int_ll.o)
    0x0800071c   0x00000094   Code   RO         4447    .text               c_w.l(_printf_hex_int_ll_ptr.o)
    0x080007b0   0x00000188   Code   RO         4467    .text               c_w.l(__printf_flags_ss_wp.o)
    0x08000938   0x00000008   Code   RO         4555    .text               c_w.l(libspace.o)
    0x08000940   0x0000008a   Code   RO         4581    .text               c_w.l(lludiv10.o)
    0x080009ca   0x000000b2   Code   RO         4583    .text               c_w.l(_printf_intcommon.o)
    0x08000a7c   0x0000041a   Code   RO         4585    .text               c_w.l(_printf_fp_dec.o)
    0x08000e96   0x0000002c   Code   RO         4589    .text               c_w.l(_printf_char.o)
    0x08000ec2   0x0000002c   Code   RO         4591    .text               c_w.l(_printf_wchar.o)
    0x08000eee   0x00000040   Code   RO         4594    .text               c_w.l(_wcrtomb.o)
    0x08000f2e   0x00000002   Code   RO         4607    .text               c_w.l(use_no_semi.o)
    0x08000f30   0x00000000   Code   RO         4609    .text               c_w.l(indicate_semi.o)
    0x08000f30   0x0000004a   Code   RO         4610    .text               c_w.l(sys_stackheap_outer.o)
    0x08000f7a   0x00000002   PAD
    0x08000f7c   0x00000010   Code   RO         4612    .text               c_w.l(rt_ctype_table.o)
    0x08000f8c   0x00000008   Code   RO         4619    .text               c_w.l(rt_locale_intlibspace.o)
    0x08000f94   0x00000080   Code   RO         4623    .text               c_w.l(_printf_fp_infnan.o)
    0x08001014   0x000000dc   Code   RO         4625    .text               c_w.l(bigflt0.o)
    0x080010f0   0x0000000c   Code   RO         4653    .text               c_w.l(exit.o)
    0x080010fc   0x0000000c   Code   RO         4673    .text               c_w.l(sys_exit.o)
    0x08001108   0x0000003e   Code   RO         4628    CL$$btod_d2e        c_w.l(btod.o)
    0x08001146   0x00000046   Code   RO         4630    CL$$btod_d2e_denorm_low  c_w.l(btod.o)
    0x0800118c   0x00000060   Code   RO         4629    CL$$btod_d2e_norm_op1  c_w.l(btod.o)
    0x080011ec   0x00000338   Code   RO         4638    CL$$btod_div_common  c_w.l(btod.o)
    0x08001524   0x000000c6   Code   RO         4635    CL$$btod_e2e        c_w.l(btod.o)
    0x080015ea   0x00000028   Code   RO         4632    CL$$btod_ediv       c_w.l(btod.o)
    0x08001612   0x00000028   Code   RO         4631    CL$$btod_emul       c_w.l(btod.o)
    0x0800163a   0x00000244   Code   RO         4637    CL$$btod_mult_common  c_w.l(btod.o)
    0x0800187e   0x00000004   Code   RO          171    i.BusFault_Handler  stm32f10x_it.o
    0x08001882   0x00000002   PAD
    0x08001884   0x000000a8   Code   RO         1031    i.CAN_ClearITPendingBit  stm32f10x_can.o
    0x0800192c   0x00000120   Code   RO         1037    i.CAN_GetITStatus   stm32f10x_can.o
    0x08001a4c   0x000000f0   Code   RO         1045    i.CAN_Receive       stm32f10x_can.o
    0x08001b3c   0x00000012   Code   RO         1053    i.CheckITStatus     stm32f10x_can.o
    0x08001b4e   0x00000002   Code   RO          172    i.DebugMon_Handler  stm32f10x_it.o
    0x08001b50   0x0000001c   Code   RO         1561    i.FLASH_PrefetchBufferCmd  stm32f10x_flash.o
    0x08001b6c   0x00000018   Code   RO         1566    i.FLASH_SetLatency  stm32f10x_flash.o
    0x08001b84   0x00000116   Code   RO         1844    i.GPIO_Init         stm32f10x_gpio.o
    0x08001c9a   0x00000004   Code   RO          173    i.HardFault_Handler  stm32f10x_it.o
    0x08001c9e   0x00000004   Code   RO          174    i.MemManage_Handler  stm32f10x_it.o
    0x08001ca2   0x00000002   Code   RO          175    i.NMI_Handler       stm32f10x_it.o
    0x08001ca4   0x0000007c   Code   RO            1    i.PID               main.o
    0x08001d20   0x00000148   Code   RO          343    i.PWM_init          tim.o
    0x08001e68   0x00000094   Code   RO          344    i.PWM_set           tim.o
    0x08001efc   0x00000002   Code   RO          176    i.PendSV_Handler    stm32f10x_it.o
    0x08001efe   0x00000002   PAD
    0x08001f00   0x00000020   Code   RO         2260    i.RCC_APB1PeriphClockCmd  stm32f10x_rcc.o
    0x08001f20   0x00000020   Code   RO         2261    i.RCC_APB1PeriphResetCmd  stm32f10x_rcc.o
    0x08001f40   0x00000020   Code   RO         2262    i.RCC_APB2PeriphClockCmd  stm32f10x_rcc.o
    0x08001f60   0x00000020   Code   RO         2263    i.RCC_APB2PeriphResetCmd  stm32f10x_rcc.o
    0x08001f80   0x0000004c   Code   RO         2269    i.RCC_DeInit        stm32f10x_rcc.o
    0x08001fcc   0x0000003c   Code   RO         2271    i.RCC_GetFlagStatus  stm32f10x_rcc.o
    0x08002008   0x00000010   Code   RO         2273    i.RCC_GetSYSCLKSource  stm32f10x_rcc.o
    0x08002018   0x00000018   Code   RO         2274    i.RCC_HCLKConfig    stm32f10x_rcc.o
    0x08002030   0x0000004c   Code   RO         2275    i.RCC_HSEConfig     stm32f10x_rcc.o
    0x0800207c   0x00000018   Code   RO         2281    i.RCC_PCLK1Config   stm32f10x_rcc.o
    0x08002094   0x00000018   Code   RO         2282    i.RCC_PCLK2Config   stm32f10x_rcc.o
    0x080020ac   0x0000000c   Code   RO         2283    i.RCC_PLLCmd        stm32f10x_rcc.o
    0x080020b8   0x0000001c   Code   RO         2284    i.RCC_PLLConfig     stm32f10x_rcc.o
    0x080020d4   0x00000018   Code   RO         2287    i.RCC_SYSCLKConfig  stm32f10x_rcc.o
    0x080020ec   0x00000038   Code   RO         2289    i.RCC_WaitForHSEStartUp  stm32f10x_rcc.o
    0x08002124   0x00000002   Code   RO          177    i.SVC_Handler       stm32f10x_it.o
    0x08002126   0x00000008   Code   RO          640    i.SetSysClock       system_stm32f10x.o
    0x0800212e   0x00000002   PAD
    0x08002130   0x000000e0   Code   RO          641    i.SetSysClockTo72   system_stm32f10x.o
    0x08002210   0x00000002   Code   RO          178    i.SysTick_Handler   stm32f10x_it.o
    0x08002212   0x00000002   PAD
    0x08002214   0x00000060   Code   RO          643    i.SystemInit        system_stm32f10x.o
    0x08002274   0x00000080   Code   RO         2878    i.TI1_Config        stm32f10x_tim.o
    0x080022f4   0x00000098   Code   RO         2879    i.TI2_Config        stm32f10x_tim.o
    0x0800238c   0x00000090   Code   RO         2880    i.TI3_Config        stm32f10x_tim.o
    0x0800241c   0x00000098   Code   RO         2881    i.TI4_Config        stm32f10x_tim.o
    0x080024b4   0x0000007c   Code   RO            2    i.TIM2_IRQHandler   main.o
    0x08002530   0x00000006   Code   RO         2888    i.TIM_ClearFlag     stm32f10x_tim.o
    0x08002536   0x00000006   Code   RO         2889    i.TIM_ClearITPendingBit  stm32f10x_tim.o
    0x0800253c   0x00000018   Code   RO         2894    i.TIM_Cmd           stm32f10x_tim.o
    0x08002554   0x0000001e   Code   RO         2896    i.TIM_CtrlPWMOutputs  stm32f10x_tim.o
    0x08002572   0x00000002   PAD
    0x08002574   0x000001e8   Code   RO         2899    i.TIM_DeInit        stm32f10x_tim.o
    0x0800275c   0x00000042   Code   RO         2903    i.TIM_EncoderInterfaceConfig  stm32f10x_tim.o
    0x0800279e   0x00000022   Code   RO         2915    i.TIM_GetITStatus   stm32f10x_tim.o
    0x080027c0   0x000000ac   Code   RO         2917    i.TIM_ICInit        stm32f10x_tim.o
    0x0800286c   0x00000012   Code   RO         2918    i.TIM_ICStructInit  stm32f10x_tim.o
    0x0800287e   0x00000012   Code   RO         2919    i.TIM_ITConfig      stm32f10x_tim.o
    0x08002890   0x00000098   Code   RO         2923    i.TIM_OC1Init       stm32f10x_tim.o
    0x08002928   0x000000a4   Code   RO         2928    i.TIM_OC2Init       stm32f10x_tim.o
    0x080029cc   0x000000a0   Code   RO         2933    i.TIM_OC3Init       stm32f10x_tim.o
    0x08002a6c   0x0000007c   Code   RO         2938    i.TIM_OC4Init       stm32f10x_tim.o
    0x08002ae8   0x00000004   Code   RO         2955    i.TIM_SetCompare1   stm32f10x_tim.o
    0x08002aec   0x00000004   Code   RO         2956    i.TIM_SetCompare2   stm32f10x_tim.o
    0x08002af0   0x00000004   Code   RO         2957    i.TIM_SetCompare3   stm32f10x_tim.o
    0x08002af4   0x00000006   Code   RO         2958    i.TIM_SetCompare4   stm32f10x_tim.o
    0x08002afa   0x00000012   Code   RO         2960    i.TIM_SetIC1Prescaler  stm32f10x_tim.o
    0x08002b0c   0x0000001a   Code   RO         2961    i.TIM_SetIC2Prescaler  stm32f10x_tim.o
    0x08002b26   0x00000012   Code   RO         2962    i.TIM_SetIC3Prescaler  stm32f10x_tim.o
    0x08002b38   0x0000001a   Code   RO         2963    i.TIM_SetIC4Prescaler  stm32f10x_tim.o
    0x08002b52   0x00000002   PAD
    0x08002b54   0x000000a4   Code   RO         2965    i.TIM_TimeBaseInit  stm32f10x_tim.o
    0x08002bf8   0x00000012   Code   RO         2966    i.TIM_TimeBaseStructInit  stm32f10x_tim.o
    0x08002c0a   0x00000002   PAD
    0x08002c0c   0x0000018c   Code   RO          420    i.USART1_IRQHandler  cmd.o
    0x08002d98   0x00000012   Code   RO         3426    i.USART_ClearFlag   stm32f10x_usart.o
    0x08002daa   0x0000001e   Code   RO         3427    i.USART_ClearITPendingBit  stm32f10x_usart.o
    0x08002dc8   0x0000001a   Code   RO         3433    i.USART_GetFlagStatus  stm32f10x_usart.o
    0x08002de2   0x00000054   Code   RO         3434    i.USART_GetITStatus  stm32f10x_usart.o
    0x08002e36   0x0000000a   Code   RO         3444    i.USART_ReceiveData  stm32f10x_usart.o
    0x08002e40   0x00000008   Code   RO         3447    i.USART_SendData    stm32f10x_usart.o
    0x08002e48   0x0000004c   Code   RO          273    i.USB_LP_CAN1_RX0_IRQHandler  can.o
    0x08002e94   0x00000004   Code   RO          179    i.UsageFault_Handler  stm32f10x_it.o
    0x08002e98   0x00000028   Code   RO         4671    i.__ARM_fpclassify  m_ws.l(fpclassify.o)
    0x08002ec0   0x0000000e   Code   RO         4460    i._is_digit         c_w.l(__printf_wp.o)
    0x08002ece   0x00000002   PAD
    0x08002ed0   0x00000050   Code   RO          421    i.cmd_exec          cmd.o
    0x08002f20   0x0000006c   Code   RO          422    i.cmd_help_func     cmd.o
    0x08002f8c   0x00000088   Code   RO          424    i.cmd_parse         cmd.o
    0x08003014   0x0000011c   Code   RO          351    i.encode_init       tim.o
    0x08003130   0x0000002c   Code   RO            3    i.main              main.o
    0x0800315c   0x00000074   Code   RO          352    i.motorInit         tim.o
    0x080031d0   0x0000008c   Code   RO          322    i.rcc_init          rcc.o
    0x0800325c   0x000000e0   Code   RO          353    i.setSpeed          tim.o
    0x0800333c   0x0000006a   Code   RO          323    i.system_clk_set    rcc.o
    0x080033a6   0x0000008a   Code   RO          242    i.uprintf           usart.o
    0x08003430   0x0000002c   Code   RO         4651    locale$$code        c_w.l(lc_numeric_c.o)
    0x0800345c   0x0000002c   Code   RO         4682    locale$$code        c_w.l(lc_ctype_c.o)
    0x08003488   0x000002b0   Code   RO         4331    x$fpl$ddiv          fz_ws.l(ddiv.o)
    0x08003738   0x0000005a   Code   RO         4334    x$fpl$dfixu         fz_ws.l(dfixu.o)
    0x08003792   0x0000002e   Code   RO         4339    x$fpl$dflt          fz_ws.l(dflt_clz.o)
    0x080037c0   0x0000009c   Code   RO         4542    x$fpl$dnaninf       fz_ws.l(dnaninf.o)
    0x0800385c   0x0000000c   Code   RO         4544    x$fpl$dretinf       fz_ws.l(dretinf.o)
    0x08003868   0x000000c4   Code   RO         4344    x$fpl$fadd          fz_ws.l(faddsub_clz.o)
    0x0800392c   0x00000036   Code   RO         4354    x$fpl$ffix          fz_ws.l(ffix.o)
    0x08003962   0x00000002   PAD
    0x08003964   0x00000030   Code   RO         4359    x$fpl$fflt          fz_ws.l(fflt_clz.o)
    0x08003994   0x00000102   Code   RO         4364    x$fpl$fmul          fz_ws.l(fmul.o)
    0x08003a96   0x0000008c   Code   RO         4546    x$fpl$fnaninf       fz_ws.l(fnaninf.o)
    0x08003b22   0x0000000a   Code   RO         4548    x$fpl$fretinf       fz_ws.l(fretinf.o)
    0x08003b2c   0x000000ea   Code   RO         4346    x$fpl$fsub          fz_ws.l(faddsub_clz.o)
    0x08003c16   0x00000004   Code   RO         4550    x$fpl$printf1       fz_ws.l(printf1.o)
    0x08003c1a   0x00000000   Code   RO         4552    x$fpl$usenofp       fz_ws.l(usenofp.o)
    0x08003c1a   0x00000002   PAD
    0x08003c1c   0x00000008   Data   RO         4419    .constdata          c_w.l(_printf_wctomb.o)
    0x08003c24   0x00000028   Data   RO         4448    .constdata          c_w.l(_printf_hex_int_ll_ptr.o)
    0x08003c4c   0x00000011   Data   RO         4468    .constdata          c_w.l(__printf_flags_ss_wp.o)
    0x08003c5d   0x00000003   PAD
    0x08003c60   0x00000094   Data   RO         4626    .constdata          c_w.l(bigflt0.o)
    0x08003cf4   0x00000020   Data   RO         4733    Region$$Table       anon$$obj.o
    0x08003d14   0x0000001c   Data   RO         4650    locale$$data        c_w.l(lc_numeric_c.o)
    0x08003d30   0x00000110   Data   RO         4681    locale$$data        c_w.l(lc_ctype_c.o)


    Execution Region RW_IRAM1 (Base: 0x20000000, Size: 0x00001920, Max: 0x0000c000, ABSOLUTE)

    Base Addr    Size         Type   Attr      Idx    E Section Name        Object

    0x20000000   0x00000040   Data   RW            6    .data               main.o
    0x20000040   0x00000038   Data   RW          427    .data               cmd.o
    0x20000078   0x00000814   Zero   RW          279    .bss                can.o
    0x2000088c   0x00000030   Zero   RW          426    .bss                cmd.o
    0x200008bc   0x00000060   Zero   RW         4556    .bss                c_w.l(libspace.o)
    0x2000091c   0x00000004   PAD
    0x20000920   0x00000800   Zero   RW         3661    HEAP                startup_stm32f10x_hd.o
    0x20001120   0x00000800   Zero   RW         3660    STACK               startup_stm32f10x_hd.o


==============================================================================

Image component sizes


      Code (inc. data)   RO Data    RW Data    ZI Data      Debug   Object Name

        76         14          0          0       2068       1576   can.o
       720        128          0         56         48       4231   cmd.o
         0          0          0          0          0         32   core_cm3.o
       292         30          0         64          0     261685   main.o
       246          0          0          0          0        976   rcc.o
        64         26        304          0       4096        804   startup_stm32f10x_hd.o
       714         10          0          0          0       3332   stm32f10x_can.o
        52         12          0          0          0       1009   stm32f10x_flash.o
       278          0          0          0          0       1868   stm32f10x_gpio.o
        26          0          0          0          0       3494   stm32f10x_it.o
       548         84          0          0          0       9964   stm32f10x_rcc.o
      2326        264          0          0          0      16946   stm32f10x_tim.o
       176          0          0          0          0       4787   stm32f10x_usart.o
       328         28          0          0          0       1809   system_stm32f10x.o
      1100        100          0          0          0       3786   tim.o
       138          0          0          0          0       1462   usart.o

    ----------------------------------------------------------------------
      7098        696        336        120       6212     317761   Object Totals
         0          0         32          0          0          0   (incl. Generated)
        14          0          0          0          0          0   (incl. Padding)

    ----------------------------------------------------------------------

      Code (inc. data)   RO Data    RW Data    ZI Data      Debug   Library Member Name

         8          0          0          0          0         68   __main.o
       392          4         17          0          0         92   __printf_flags_ss_wp.o
        14          0          0          0          0         68   __printf_wp.o
         0          0          0          0          0          0   __rtentry.o
        12          0          0          0          0          0   __rtentry2.o
         6          0          0          0          0          0   __rtentry4.o
        52          8          0          0          0          0   __scatter.o
        26          0          0          0          0          0   __scatter_copy.o
        28          0          0          0          0          0   __scatter_zi.o
         6          0          0          0          0          0   _printf_a.o
         6          0          0          0          0          0   _printf_c.o
        44          0          0          0          0        108   _printf_char.o
        48          6          0          0          0         96   _printf_char_common.o
        40          0          0          0          0         68   _printf_charcount.o
         6          0          0          0          0          0   _printf_d.o
       120         16          0          0          0         92   _printf_dec.o
         6          0          0          0          0          0   _printf_e.o
         6          0          0          0          0          0   _printf_f.o
      1050          0          0          0          0        216   _printf_fp_dec.o
       128         16          0          0          0         84   _printf_fp_infnan.o
         6          0          0          0          0          0   _printf_g.o
       148          4         40          0          0        160   _printf_hex_int_ll_ptr.o
         6          0          0          0          0          0   _printf_i.o
       178          0          0          0          0         88   _printf_intcommon.o
        10          0          0          0          0          0   _printf_l.o
         6          0          0          0          0          0   _printf_lc.o
        10          0          0          0          0          0   _printf_ll.o
         6          0          0          0          0          0   _printf_lld.o
         6          0          0          0          0          0   _printf_lli.o
         6          0          0          0          0          0   _printf_llo.o
         6          0          0          0          0          0   _printf_llu.o
         6          0          0          0          0          0   _printf_llx.o
       124         16          0          0          0         92   _printf_longlong_dec.o
         6          0          0          0          0          0   _printf_ls.o
         6          0          0          0          0          0   _printf_n.o
         6          0          0          0          0          0   _printf_o.o
       112          8          0          0          0        124   _printf_oct_int_ll.o
         6          0          0          0          0          0   _printf_p.o
        78          0          0          0          0        108   _printf_pad.o
         0          0          0          0          0          0   _printf_percent.o
         4          0          0          0          0          0   _printf_percent_end.o
         6          0          0          0          0          0   _printf_s.o
        82          0          0          0          0         80   _printf_str.o
        36          0          0          0          0         84   _printf_truncate.o
         6          0          0          0          0          0   _printf_u.o
        44          0          0          0          0        108   _printf_wchar.o
       188          6          8          0          0         92   _printf_wctomb.o
         6          0          0          0          0          0   _printf_x.o
        16          0          0          0          0         68   _snputc.o
        10          0          0          0          0         68   _sputc.o
        64          0          0          0          0         92   _wcrtomb.o
       220          4        148          0          0         96   bigflt0.o
      1910        128          0          0          0        672   btod.o
        52          4          0          0          0         80   c89vsnprintf.o
        12          0          0          0          0         72   exit.o
         6          0          0          0          0        152   heapauxi.o
         0          0          0          0          0          0   indicate_semi.o
        44         10        272          0          0         76   lc_ctype_c.o
        44         10         28          0          0         76   lc_numeric_c.o
         2          0          0          0          0          0   libinit.o
        30          0          0          0          0          0   libinit2.o
         2          0          0          0          0          0   libshutdown.o
         2          0          0          0          0          0   libshutdown2.o
         8          4          0          0         96         68   libspace.o
       138          0          0          0          0         80   lludiv10.o
        16          4          0          0          0         76   rt_ctype_table.o
         8          4          0          0          0         68   rt_locale_intlibspace.o
        78          0          0          0          0         80   rt_memclr_w.o
         2          0          0          0          0          0   rtexit.o
        10          0          0          0          0          0   rtexit2.o
       128          0          0          0          0         68   strcmpv7m.o
        12          4          0          0          0         68   sys_exit.o
        74          0          0          0          0         80   sys_stackheap_outer.o
         2          0          0          0          0         68   use_no_semi.o
       688        140          0          0          0        208   ddiv.o
        90          4          0          0          0         92   dfixu.o
        46          0          0          0          0         68   dflt_clz.o
       156          4          0          0          0         92   dnaninf.o
        12          0          0          0          0         68   dretinf.o
       430          8          0          0          0        168   faddsub_clz.o
        54          4          0          0          0         84   ffix.o
        48          0          0          0          0         68   fflt_clz.o
       258          4          0          0          0         84   fmul.o
       140          4          0          0          0         84   fnaninf.o
        10          0          0          0          0         68   fretinf.o
         4          0          0          0          0         68   printf1.o
         0          0          0          0          0          0   usenofp.o
        40          0          0          0          0         68   fpclassify.o

    ----------------------------------------------------------------------
      7986        424        516          0        100       5156   Library Totals
        18          0          3          0          4          0   (incl. Padding)

    ----------------------------------------------------------------------

      Code (inc. data)   RO Data    RW Data    ZI Data      Debug   Library Name

      5992        256        513          0         96       3936   c_w.l
      1936        168          0          0          0       1152   fz_ws.l
        40          0          0          0          0         68   m_ws.l

    ----------------------------------------------------------------------
      7986        424        516          0        100       5156   Library Totals

    ----------------------------------------------------------------------

==============================================================================


      Code (inc. data)   RO Data    RW Data    ZI Data      Debug   

     15084       1120        852        120       6312     315945   Grand Totals
     15084       1120        852        120       6312     315945   ELF Image Totals
     15084       1120        852        120          0          0   ROM Totals

==============================================================================

    Total RO  Size (Code + RO Data)                15936 (  15.56kB)
    Total RW  Size (RW Data + ZI Data)              6432 (   6.28kB)
    Total ROM Size (Code + RO Data + RW Data)      16056 (  15.68kB)

==============================================================================

